 robotjs

 Timestamp is 57822a83 (Sun Jul 10 13:59:15 2016)

 Preferred load address is 0000000180000000

 Start         Length     Name                   Class
 0001:00000000 00000013H .text$di                CODE
 0001:00000020 0001379bH .text$mn                CODE
 0001:000137c0 000002b8H .text$x                 CODE
 0001:00013a80 00000000H .text$yd                CODE
 0002:00000000 000003e8H .idata$5                DATA
 0002:000003e8 00000008H .CRT$XCA                DATA
 0002:000003f0 00000018H .CRT$XCU                DATA
 0002:00000408 00000008H .CRT$XCZ                DATA
 0002:00000410 00000008H .CRT$XIA                DATA
 0002:00000418 00000028H .CRT$XIC                DATA
 0002:00000440 00000008H .CRT$XIZ                DATA
 0002:00000448 00000008H .CRT$XPA                DATA
 0002:00000450 00000010H .CRT$XPX                DATA
 0002:00000460 00000008H .CRT$XPXA               DATA
 0002:00000468 00000008H .CRT$XPZ                DATA
 0002:00000470 00000008H .CRT$XTA                DATA
 0002:00000478 00000008H .CRT$XTZ                DATA
 0002:00000480 00007910H .rdata                  DATA
 0002:00007d90 0000006cH .rdata$debug            DATA
 0002:00007e00 00000000H .rdata$r                DATA
 0002:00007e00 00000008H .rtc$IAA                DATA
 0002:00007e08 00000008H .rtc$IZZ                DATA
 0002:00007e10 00000008H .rtc$TAA                DATA
 0002:00007e18 00000008H .rtc$TZZ                DATA
 0002:00007e20 00000f34H .xdata                  DATA
 0002:00008d58 00000000H .xdata$x                DATA
 0002:00008d60 00000052H .edata                  DATA
 0002:00008db4 00000050H .idata$2                DATA
 0002:00008e04 00000014H .idata$3                DATA
 0002:00008e18 000003e8H .idata$4                DATA
 0002:00009200 00001018H .idata$6                DATA
 0003:00000000 00001c70H .data                   DATA
 0003:00001c70 00000000H .data$r                 DATA
 0003:00001c80 00002488H .bss                    DATA
 0004:00000000 00000e1cH .pdata                  DATA
 0005:00000000 00000058H .rsrc$01                DATA
 0005:00000060 00000180H .rsrc$02                DATA

  Address         Publics by Value              Rva+Base               Lib:Object

 0000:00000000       ___safe_se_handler_count   0000000000000000     <absolute>
 0000:00000000       ___safe_se_handler_table   0000000000000000     <absolute>
 0000:00000000       __guard_fids_table         0000000000000000     <absolute>
 0000:00000000       __guard_flags              0000000000000000     <absolute>
 0000:00000000       __guard_fids_count         0000000000000000     <absolute>
 0000:00000000       __ImageBase                0000000180000000     <linker-defined>
 0001:000000d0       ?New@?$Factory@VFunctionTemplate@v8@@@imp@Nan@@SA?AV?$Local@VFunctionTemplate@v8@@@v8@@P6AXAEBV?$FunctionCallbackInfo@VValue@v8@@@3@@ZV?$Local@VValue@v8@@@5@V?$Local@VSignature@v8@@@5@@Z 00000001800010d0 f i robotjs.obj
 0001:00000260       ?ThrowError@Nan@@YAXPEBD@Z 0000000180001260 f i robotjs.obj
 0001:000002f0       ??0Utf8String@Nan@@QEAA@V?$Local@VValue@v8@@@v8@@@Z 00000001800012f0 f i robotjs.obj
 0001:000003e0       ?CheckMouseButton@@YAHQEBDQEAI@Z 00000001800013e0 f   robotjs.obj
 0001:00000480       ?dragMouse@@YAXAEBV?$FunctionCallbackInfo@VValue@v8@@@Nan@@@Z 0000000180001480 f   robotjs.obj
 0001:00000760       ?moveMouse@@YAXAEBV?$FunctionCallbackInfo@VValue@v8@@@Nan@@@Z 0000000180001760 f   robotjs.obj
 0001:00000950       ?moveMouseSmooth@@YAXAEBV?$FunctionCallbackInfo@VValue@v8@@@Nan@@@Z 0000000180001950 f   robotjs.obj
 0001:00000af0       ?getMousePos@@YAXAEBV?$FunctionCallbackInfo@VValue@v8@@@Nan@@@Z 0000000180001af0 f   robotjs.obj
 0001:00000d00       ?mouseClick@@YAXAEBV?$FunctionCallbackInfo@VValue@v8@@@Nan@@@Z 0000000180001d00 f   robotjs.obj
 0001:00000ed0       ?mouseToggle@@YAXAEBV?$FunctionCallbackInfo@VValue@v8@@@Nan@@@Z 0000000180001ed0 f   robotjs.obj
 0001:000011a0       ?setMouseDelay@@YAXAEBV?$FunctionCallbackInfo@VValue@v8@@@Nan@@@Z 00000001800021a0 f   robotjs.obj
 0001:000012f0       ?scrollMouse@@YAXAEBV?$FunctionCallbackInfo@VValue@v8@@@Nan@@@Z 00000001800022f0 f   robotjs.obj
 0001:00001580       ?CheckKeyFlags@@YAHPEADPEAI@Z 0000000180002580 f   robotjs.obj
 0001:00001690       ?GetFlagsFromValue@@YAHV?$Local@VValue@v8@@@v8@@PEAI@Z 0000000180002690 f   robotjs.obj
 0001:00001800       ?keyTap@@YAXAEBV?$FunctionCallbackInfo@VValue@v8@@@Nan@@@Z 0000000180002800 f   robotjs.obj
 0001:000019f0       ?keyToggle@@YAXAEBV?$FunctionCallbackInfo@VValue@v8@@@Nan@@@Z 00000001800029f0 f   robotjs.obj
 0001:00001cd0       ?typeString@@YAXAEBV?$FunctionCallbackInfo@VValue@v8@@@Nan@@@Z 0000000180002cd0 f   robotjs.obj
 0001:00001dd0       ?typeStringDelayed@@YAXAEBV?$FunctionCallbackInfo@VValue@v8@@@Nan@@@Z 0000000180002dd0 f   robotjs.obj
 0001:00001f00       ?setKeyboardDelay@@YAXAEBV?$FunctionCallbackInfo@VValue@v8@@@Nan@@@Z 0000000180002f00 f   robotjs.obj
 0001:00002050       ?getPixelColor@@YAXAEBV?$FunctionCallbackInfo@VValue@v8@@@Nan@@@Z 0000000180003050 f   robotjs.obj
 0001:000022d0       ?getScreenSize@@YAXAEBV?$FunctionCallbackInfo@VValue@v8@@@Nan@@@Z 00000001800032d0 f   robotjs.obj
 0001:000024c0       ?captureScreen@@YAXAEBV?$FunctionCallbackInfo@VValue@v8@@@Nan@@@Z 00000001800034c0 f   robotjs.obj
 0001:00002a20       ?buildBMP@@YA?AVBMP@@V?$Local@VObject@v8@@@v8@@@Z 0000000180003a20 f   robotjs.obj
 0001:00002c90       ?getColor@@YAXAEBV?$FunctionCallbackInfo@VValue@v8@@@Nan@@@Z 0000000180003c90 f   robotjs.obj
 0001:00002f40       ?InitAll@@YAXV?$Local@VObject@v8@@@v8@@@Z 0000000180003f40 f   robotjs.obj
 0001:00003bb0       _register_robotjs          0000000180004bb0 f   robotjs.obj
 0001:00003bc0       clickMouse                 0000000180004bc0 f   mouse.obj
 0001:00003c30       doubleClick                0000000180004c30 f   mouse.obj
 0001:00003d20       smoothlyMoveMouse          0000000180004d20 f   mouse.obj
 0001:00004100       win32KeyEvent              0000000180005100 f   keypress.obj
 0001:00004220       toggleKeyCode              0000000180005220 f   keypress.obj
 0001:00004540       typeString                 0000000180005540 f   keypress.obj
 0001:00004630       typeStringDelayed          0000000180005630 f   keypress.obj
 0001:00004710       copyMMBitmapFromDisplayInRect 0000000180005710 f   screengrab.obj
 0001:000048f0       portable_snprintf          00000001800058f0 f   snprintf.obj
 0001:00004910       portable_vsnprintf         0000000180005910 f   snprintf.obj
 0001:00005290       createMMBitmap             0000000180006290 f   MMBitmap.obj
 0001:00005300       destroyMMBitmapBuffer      0000000180006300 f   MMBitmap.obj
 0001:00005320       __security_check_cookie    0000000180006320 f   LIBCMT:amdsecgs.obj
 0001:00005350       memcpy                     0000000180006350 f   LIBCMT:memcpy.obj
 0001:00005350       memmove                    0000000180006350 f   LIBCMT:memcpy.obj
 0001:000058b8       free                       00000001800068b8 f   LIBCMT:free.obj
 0001:000058f8       malloc                     00000001800068f8 f   LIBCMT:malloc.obj
 0001:000059b0       _wassert                   00000001800069b0 f   LIBCMT:wassert.obj
 0001:00006314       __onexitinit               0000000180007314 f   LIBCMT:onexit.obj
 0001:00006358       _onexit                    0000000180007358 f   LIBCMT:onexit.obj
 0001:00006464       atexit                     0000000180007464 f   LIBCMT:onexit.obj
 0001:0000647c       __inittime                 000000018000747c f   LIBCMT:clock.obj
 0001:000064a8       ??0_LocaleUpdate@@QEAA@PEAUlocaleinfo_struct@@@Z 00000001800074a8 f i LIBCMT:_ctype.obj
 0001:00006550       isdigit                    0000000180007550 f i LIBCMT:_ctype.obj
 0001:000065cc       isupper                    00000001800075cc f i LIBCMT:_ctype.obj
 0001:00006648       sprintf                    0000000180007648 f   LIBCMT:sprintf.obj
 0001:000066e8       strchr                     00000001800076e8 f   LIBCMT:strchr.obj
 0001:00006774       memchr                     0000000180007774 f   LIBCMT:memchr.obj
 0001:00006790       __raise_securityfailure    0000000180007790 f   LIBCMT:gs_report.obj
 0001:000067dc       __report_gsfailure         00000001800077dc f   LIBCMT:gs_report.obj
 0001:000068b0       __report_rangecheckfailure 00000001800078b0 f   LIBCMT:gs_report.obj
 0001:000068c4       __report_securityfailure   00000001800078c4 f   LIBCMT:gs_report.obj
 0001:00006960       _CRT_INIT                  0000000180007960 f   LIBCMT:dllcrt0.obj
 0001:00006ac0       _DllMainCRTStartup         0000000180007ac0 f   LIBCMT:dllcrt0.obj
 0001:00006c30       strlen                     0000000180007c30 f   LIBCMT:strlen.obj
 0001:00006cd8       _fpmath                    0000000180007cd8 f   LIBCMT:fpinit.obj
 0001:00006ce0       _cfltcvt_init              0000000180007ce0 f   LIBCMT:fpinit.obj
 0001:00006d68       __isa_available_init       0000000180007d68 f   LIBCMT:cpu_disp.obj
 0001:00006f0c       __doserrno                 0000000180007f0c f   LIBCMT:dosmap.obj
 0001:00006f2c       _dosmaperr                 0000000180007f2c f   LIBCMT:dosmap.obj
 0001:00006f7c       _errno                     0000000180007f7c f   LIBCMT:dosmap.obj
 0001:00006f9c       _get_errno_from_oserr      0000000180007f9c f   LIBCMT:dosmap.obj
 0001:00006fec       _heap_init                 0000000180007fec f   LIBCMT:heapinit.obj
 0001:0000700c       _heap_term                 000000018000800c f   LIBCMT:heapinit.obj
 0001:00007018       _callnewh                  0000000180008018 f   LIBCMT:handler.obj
 0001:0000704c       _initp_heap_handler        000000018000804c f   LIBCMT:handler.obj
 0001:00007054       __crtCorExitProcess        0000000180008054 f   LIBCMT:crt0dat.obj
 0001:00007098       __crtExitProcess           0000000180008098 f   LIBCMT:crt0dat.obj
 0001:000070b0       __freeCrtMemory            00000001800080b0 f   LIBCMT:crt0dat.obj
 0001:000071f8       _amsg_exit                 00000001800081f8 f   LIBCMT:crt0dat.obj
 0001:00007220       _cexit                     0000000180008220 f   LIBCMT:crt0dat.obj
 0001:00007230       _cinit                     0000000180008230 f   LIBCMT:crt0dat.obj
 0001:000072c8       _exit                      00000001800082c8 f   LIBCMT:crt0dat.obj
 0001:000072d4       _init_pointers             00000001800082d4 f   LIBCMT:crt0dat.obj
 0001:00007380       _initterm_e                0000000180008380 f   LIBCMT:crt0dat.obj
 0001:000073bc       _lockexit                  00000001800083bc f   LIBCMT:crt0dat.obj
 0001:000073c8       _unlockexit                00000001800083c8 f   LIBCMT:crt0dat.obj
 0001:0000756c       _FF_MSGBANNER              000000018000856c f   LIBCMT:crt0msg.obj
 0001:000075b0       _GET_RTERRMSG              00000001800085b0 f   LIBCMT:crt0msg.obj
 0001:000075e0       _NMSG_WRITE                00000001800085e0 f   LIBCMT:crt0msg.obj
 0001:00007850       _call_reportfault          0000000180008850 f   LIBCMT:invarg.obj
 0001:00007944       _initp_misc_invarg         0000000180008944 f   LIBCMT:invarg.obj
 0001:0000794c       _invalid_parameter         000000018000894c f   LIBCMT:invarg.obj
 0001:000079b4       _invalid_parameter_noinfo  00000001800089b4 f   LIBCMT:invarg.obj
 0001:000079d4       _invoke_watson             00000001800089d4 f   LIBCMT:invarg.obj
 0001:00007a10       memcpy_s                   0000000180008a10 f   LIBCMT:memcpy_s.obj
 0001:00007a98       wcscat_s                   0000000180008a98 f   LIBCMT:wcscat_s.obj
 0001:00007b20       wcscpy_s                   0000000180008b20 f   LIBCMT:wcscpy_s.obj
 0001:00007b8c       wcslen                     0000000180008b8c f   LIBCMT:wcslen.obj
 0001:00007ba8       wcsncat_s                  0000000180008ba8 f   LIBCMT:wcsncat_s.obj
 0001:00007c90       abort                      0000000180008c90 f   LIBCMT:abort.obj
 0001:00007ce8       _set_error_mode            0000000180008ce8 f   LIBCMT:errmode.obj
 0001:00007d28       _itow_s                    0000000180008d28 f   LIBCMT:xtows.obj
 0001:00007e60       __initstdio                0000000180008e60 f   LIBCMT:_file.obj
 0001:00007ef8       __endstdio                 0000000180008ef8 f   LIBCMT:_file.obj
 0001:00007f28       __iob_func                 0000000180008f28 f   LIBCMT:_file.obj
 0001:00007f30       _lock_file                 0000000180008f30 f   LIBCMT:_file.obj
 0001:00007f98       _lock_file2                0000000180008f98 f   LIBCMT:_file.obj
 0001:00007fcc       _unlock_file               0000000180008fcc f   LIBCMT:_file.obj
 0001:0000801c       _unlock_file2              000000018000901c f   LIBCMT:_file.obj
 0001:0000803c       _fflush_nolock             000000018000903c f   LIBCMT:fflush.obj
 0001:00008088       _flush                     0000000180009088 f   LIBCMT:fflush.obj
 0001:00008104       _flushall                  0000000180009104 f   LIBCMT:fflush.obj
 0001:00008110       fflush                     0000000180009110 f   LIBCMT:fflush.obj
 0001:0000823c       setvbuf                    000000018000923c f   LIBCMT:setvbuf.obj
 0001:00008354       fwprintf                   0000000180009354 f   LIBCMT:fwprintf.obj
 0001:000083e8       _vswprintf_c_l             00000001800093e8 f   LIBCMT:vswprnc.obj
 0001:00008420       _vswprintf_helper          0000000180009420 f   LIBCMT:vswprnc.obj
 0001:0000853c       __get_sigabrt              000000018000953c f   LIBCMT:winsig.obj
 0001:0000854c       _initp_misc_winsig         000000018000954c f   LIBCMT:winsig.obj
 0001:0000856c       raise                      000000018000956c f   LIBCMT:winsig.obj
 0001:000087a0       __crtMessageBoxW           00000001800097a0 f   LIBCMT:crtmboxw.obj
 0001:00008a14       __GSHandlerCheck           0000000180009a14 f   LIBCMT:gshandler.obj
 0001:00008a34       __GSHandlerCheckCommon     0000000180009a34 f   LIBCMT:gshandler.obj
 0001:00008a98       _msize                     0000000180009a98 f   LIBCMT:msize.obj
 0001:00008ad4       _calloc_crt                0000000180009ad4 f   LIBCMT:crtheap.obj
 0001:00008b54       _malloc_crt                0000000180009b54 f   LIBCMT:crtheap.obj
 0001:00008bd0       _realloc_crt               0000000180009bd0 f   LIBCMT:crtheap.obj
 0001:00008c54       __C_specific_handler       0000000180009c54 f   LIBCMT:chandler.obj
 0001:00008e38       _initp_misc_purevirt       0000000180009e38 f   LIBCMT:inithelp.obj
 0001:00008e40       _clrfp                     0000000180009e40 f   LIBCMT:fpctrl.obj
 0001:00008e60       _ctrlfp                    0000000180009e60 f   LIBCMT:fpctrl.obj
 0001:00008edc       _set_statfp                0000000180009edc f   LIBCMT:fpctrl.obj
 0001:00008efc       _statfp                    0000000180009efc f   LIBCMT:fpctrl.obj
 0001:00009034       _handle_error              000000018000a034 f   LIBCMT:libm_error.obj
 0001:0000915c       __addlocaleref             000000018000a15c f   LIBCMT:localref.obj
 0001:000091e8       __freetlocinfo             000000018000a1e8 f   LIBCMT:localref.obj
 0001:00009380       __removelocaleref          000000018000a380 f   LIBCMT:localref.obj
 0001:00009424       __updatetlocinfo           000000018000a424 f   LIBCMT:localref.obj
 0001:0000949c       _updatetlocinfoEx_nolock   000000018000a49c f   LIBCMT:localref.obj
 0001:00009500       __initmbctable             000000018000a500 f   LIBCMT:mbctype.obj
 0001:0000981c       __updatetmbcinfo           000000018000a81c f   LIBCMT:mbctype.obj
 0001:000098d8       _setmbcp                   000000018000a8d8 f   LIBCMT:mbctype.obj
 0001:00009b1c       _setmbcp_nolock            000000018000ab1c f   LIBCMT:mbctype.obj
 0001:00009dcc       _isctype_l                 000000018000adcc f   LIBCMT:isctype.obj
 0001:00009ea8       _freefls                   000000018000aea8 f   LIBCMT:tidtable.obj
 0001:00009fdc       _freeptd                   000000018000afdc f   LIBCMT:tidtable.obj
 0001:0000a018       _getptd                    000000018000b018 f   LIBCMT:tidtable.obj
 0001:0000a03c       _getptd_noexit             000000018000b03c f   LIBCMT:tidtable.obj
 0001:0000a0c0       _initptd                   000000018000b0c0 f   LIBCMT:tidtable.obj
 0001:0000a184       _mtinit                    000000018000b184 f   LIBCMT:tidtable.obj
 0001:0000a204       _mtterm                    000000018000b204 f   LIBCMT:tidtable.obj
 0001:0000a228       _locterm                   000000018000b228 f   LIBCMT:wsetloca.obj
 0001:0000a270       _flsbuf                    000000018000b270 f   LIBCMT:_flsbuf.obj
 0001:0000a3fc       _output_l                  000000018000b3fc f   LIBCMT:output.obj
 0001:0000af50       memset                     000000018000bf50 f   LIBCMT:memset.obj
 0001:0000b17c       __crt_debugger_hook        000000018000c17c f   LIBCMT:dbghook.obj
 0001:0000b184       __crtCaptureCurrentContext 000000018000c184 f   LIBCMT:winapisupp.obj
 0001:0000b1f4       __crtCapturePreviousContext 000000018000c1f4 f   LIBCMT:winapisupp.obj
 0001:0000b268       __crtFlsAlloc              000000018000c268 f   LIBCMT:winapisupp.obj
 0001:0000b284       __crtFlsFree               000000018000c284 f   LIBCMT:winapisupp.obj
 0001:0000b2a0       __crtFlsGetValue           000000018000c2a0 f   LIBCMT:winapisupp.obj
 0001:0000b2bc       __crtFlsSetValue           000000018000c2bc f   LIBCMT:winapisupp.obj
 0001:0000b2d8       __crtInitializeCriticalSectionEx 000000018000c2d8 f   LIBCMT:winapisupp.obj
 0001:0000b304       __crtIsPackagedApp         000000018000c304 f   LIBCMT:winapisupp.obj
 0001:0000b350       __crtLoadWinApiPointers    000000018000c350 f   LIBCMT:winapisupp.obj
 0001:0000b74c       __crtSleep                 000000018000c74c f   LIBCMT:winapisupp.obj
 0001:0000b754       __crtTerminateProcess      000000018000c754 f   LIBCMT:winapisupp.obj
 0001:0000b774       __crtUnhandledException    000000018000c774 f   LIBCMT:winapisupp.obj
 0001:0000b794       _tolower_l                 000000018000c794 f   LIBCMT:tolower.obj
 0001:0000b8e8       tolower                    000000018000c8e8 f   LIBCMT:tolower.obj
 0001:0000b908       _XcptFilter                000000018000c908 f   LIBCMT:winxfltr.obj
 0001:0000bad4       __CppXcptFilter            000000018000cad4 f   LIBCMT:winxfltr.obj
 0001:0000bae8       _ioinit                    000000018000cae8 f   LIBCMT:ioinit.obj
 0001:0000be18       _ioterm                    000000018000ce18 f   LIBCMT:ioinit.obj
 0001:0000be8c       _setargv                   000000018000ce8c f   LIBCMT:stdargv.obj
 0001:0000c148       _setenvp                   000000018000d148 f   LIBCMT:stdenvp.obj
 0001:0000c27c       __security_init_cookie     000000018000d27c f   LIBCMT:gs_support.obj
 0001:0000c328       DllMain                    000000018000d328 f   LIBCMT:dllmain.obj
 0001:0000c330       __crtGetEnvironmentStringsA 000000018000d330 f   LIBCMT:a_env.obj
 0001:0000c424       _RTC_Initialize            000000018000d424 f   LIBCMT:initsect.obj
 0001:0000c45c       _RTC_Terminate             000000018000d45c f   LIBCMT:initsect.obj
 0001:0000c494       __DestructExceptionObject  000000018000d494 f   LIBCMT:frame.obj
 0001:0000c504       ?terminate@@YAXXZ          000000018000d504 f   LIBCMT:hooks.obj
 0001:0000c524       _initp_eh_hooks            000000018000d524 f   LIBCMT:hooks.obj
 0001:0000c560       strcmp                     000000018000d560 f   LIBCMT:strcmp.obj
 0001:0000c5c8       _cfltcvt                   000000018000d5c8 f   LIBCMT:cvt.obj
 0001:0000c5ec       _cfltcvt_l                 000000018000d5ec f   LIBCMT:cvt.obj
 0001:0000c66c       _cftoa_l                   000000018000d66c f   LIBCMT:cvt.obj
 0001:0000cc18       _cftoe_l                   000000018000dc18 f   LIBCMT:cvt.obj
 0001:0000ce74       _cftof_l                   000000018000de74 f   LIBCMT:cvt.obj
 0001:0000cf48       _cftog_l                   000000018000df48 f   LIBCMT:cvt.obj
 0001:0000d07c       _cropzeros                 000000018000e07c f   LIBCMT:cvt.obj
 0001:0000d084       _cropzeros_l               000000018000e084 f   LIBCMT:cvt.obj
 0001:0000d11c       _fassign                   000000018000e11c f   LIBCMT:cvt.obj
 0001:0000d124       _fassign_l                 000000018000e124 f   LIBCMT:cvt.obj
 0001:0000d164       _forcdecpt                 000000018000e164 f   LIBCMT:cvt.obj
 0001:0000d16c       _forcdecpt_l               000000018000e16c f   LIBCMT:cvt.obj
 0001:0000d1ec       _positive                  000000018000e1ec f   LIBCMT:cvt.obj
 0001:0000d200       _initp_misc_cfltcvt_tab    000000018000e200 f   LIBCMT:cmiscdat.obj
 0001:0000d23c       strcpy_s                   000000018000e23c f   LIBCMT:strcpy_s.obj
 0001:0000d2a0       _lock                      000000018000e2a0 f   LIBCMT:mlock.obj
 0001:0000d2e4       _mtdeletelocks             000000018000e2e4 f   LIBCMT:mlock.obj
 0001:0000d36c       _mtinitlocknum             000000018000e36c f   LIBCMT:mlock.obj
 0001:0000d42c       _mtinitlocks               000000018000e42c f   LIBCMT:mlock.obj
 0001:0000d490       _unlock                    000000018000e490 f   LIBCMT:mlock.obj
 0001:0000d4b0       _FindPESection             000000018000e4b0 f   LIBCMT:pesect.obj
 0001:0000d500       _IsNonwritableInCurrentImage 000000018000e500 f   LIBCMT:pesect.obj
 0001:0000d550       _ValidateImageBase         000000018000e550 f   LIBCMT:pesect.obj
 0001:0000d580       _initp_misc_rand_s         000000018000e580 f   LIBCMT:rand_s.obj
 0001:0000d588       _ftbuf                     000000018000e588 f   LIBCMT:_sftbuf.obj
 0001:0000d5c0       _stbuf                     000000018000e5c0 f   LIBCMT:_sftbuf.obj
 0001:0000d690       wcsncpy_s                  000000018000e690 f   LIBCMT:wcsncpy_s.obj
 0001:0000d75c       _fcloseall                 000000018000e75c f   LIBCMT:closeall.obj
 0001:0000d804       _fileno                    000000018000e804 f   LIBCMT:fileno.obj
 0001:0000d82c       _commit                    000000018000e82c f   LIBCMT:commit.obj
 0001:0000d904       _write                     000000018000e904 f   LIBCMT:write.obj
 0001:0000d9e8       _write_nolock              000000018000e9e8 f   LIBCMT:write.obj
 0001:0000e1dc       _freebuf                   000000018000f1dc f   LIBCMT:_freebuf.obj
 0001:0000e214       _woutput_l                 000000018000f214 f   LIBCMT:woutput.obj
 0001:0000edd4       realloc                    000000018000fdd4 f   LIBCMT:realloc.obj
 0001:0000eea8       _calloc_impl               000000018000fea8 f   LIBCMT:calloc_impl.obj
 0001:0000ef60       _local_unwind              000000018000ff60 f   LIBCMT:jmpuwind.obj
 0001:0000ef90       _NLG_Notify                000000018000ff90 f   LIBCMT:jmpuwind.obj
 0001:0000efb0       __NLG_Dispatch2            000000018000ffb0 f   LIBCMT:jmpuwind.obj
 0001:0000efc0       __NLG_Return2              000000018000ffc0 f   LIBCMT:jmpuwind.obj
 0001:0000efc4       GetTableIndexFromLocaleName 000000018000ffc4 f   LIBCMT:winapinls.obj
 0001:0000f050       __crtDownlevelLocaleNameToLCID 0000000180010050 f   LIBCMT:winapinls.obj
 0001:0000f084       __crtLCMapStringEx         0000000180010084 f   LIBCMT:winapinls.obj
 0001:0000f114       __wcsnicmp_ascii           0000000180010114 f   LIBCMT:winapinls.obj
 0001:0000f180       _get_fpsr                  0000000180010180 f   LIBCMT:fpsr.obj
 0001:0000f190       _set_fpsr                  0000000180010190 f   LIBCMT:fpsr.obj
 0001:0000f19a       _fclrf                     000000018001019a f   LIBCMT:fpsr.obj
 0001:0000f1ae       _frnd                      00000001800101ae f   LIBCMT:fpsr.obj
 0001:0000f1d0       _raise_exc                 00000001800101d0 f   LIBCMT:fpexcept.obj
 0001:0000f1f8       _raise_exc_ex              00000001800101f8 f   LIBCMT:fpexcept.obj
 0001:0000f4fc       _set_errno_from_matherr    00000001800104fc f   LIBCMT:fpexcept.obj
 0001:0000f52c       _matherr                   000000018001052c f   LIBCMT:matherr.obj
 0001:0000f530       __free_lconv_mon           0000000180010530 f   LIBCMT:initmon.obj
 0001:0000f63c       __free_lconv_num           000000018001063c f   LIBCMT:initnum.obj
 0001:0000f6a8       __free_lc_time             00000001800106a8 f   LIBCMT:inittime.obj
 0001:0000fd90       __crtLCMapStringA          0000000180010d90 f   LIBCMT:a_map.obj
 0001:0000ffa0       __crtGetStringTypeA        0000000180010fa0 f   LIBCMT:a_str.obj
 0001:0001001c       _isleadbyte_l              000000018001101c f i LIBCMT:_wctype.obj
 0001:00010060       isleadbyte                 0000000180011060 f i LIBCMT:_wctype.obj
 0001:000100c0       memcmp                     00000001800110c0 f   LIBCMT:memcmp.obj
 0001:00010188       _isatty                    0000000180011188 f   LIBCMT:isatty.obj
 0001:000101e8       _lseeki64                  00000001800111e8 f   LIBCMT:lseeki64.obj
 0001:000102d0       _lseeki64_nolock           00000001800112d0 f   LIBCMT:lseeki64.obj
 0001:00010364       _getbuf                    0000000180011364 f   LIBCMT:_getbuf.obj
 0001:000103b8       _get_printf_count_output   00000001800113b8 f   LIBCMT:printf.obj
 0001:000103d0       _wctomb_s_l                00000001800113d0 f   LIBCMT:wctomb.obj
 0001:0001055c       wctomb_s                   000000018001155c f   LIBCMT:wctomb.obj
 0001:000105ec       _ismbblead                 00000001800115ec f   LIBCMT:ismbbyte.obj
 0001:00010610       _CallSettingFrame          0000000180011610 f   LIBCMT:handlers.obj
 0001:00010650       _GetNextInstrOffset        0000000180011650 f   LIBCMT:handlers.obj
 0001:00010658       strrchr                    0000000180011658 f   LIBCMT:strrchr.obj
 0001:0001079c       _fptostr                   000000018001179c f   LIBCMT:_fptostr.obj
 0001:00010868       __crt_atoflt_l             0000000180011868 f   LIBCMT:atodbl.obj
 0001:00010938       _atodbl_l                  0000000180011938 f   LIBCMT:atodbl.obj
 0001:00010a00       _atoflt_l                  0000000180011a00 f   LIBCMT:atodbl.obj
 0001:00010a08       __dtold                    0000000180011a08 f   LIBCMT:cfout.obj
 0001:00010ad8       _fltout2                   0000000180011ad8 f   LIBCMT:cfout.obj
 0001:00010b90       _fptrap                    0000000180011b90 f   LIBCMT:crt0fp.obj
 0001:00010b9c       _fclose_nolock             0000000180011b9c f   LIBCMT:fclose.obj
 0001:00010c18       fclose                     0000000180011c18 f   LIBCMT:fclose.obj
 0001:00010c80       __lock_fhandle             0000000180011c80 f   LIBCMT:osfinfo.obj
 0001:00010d18       _free_osfhnd               0000000180011d18 f   LIBCMT:osfinfo.obj
 0001:00010dc4       _get_osfhandle             0000000180011dc4 f   LIBCMT:osfinfo.obj
 0001:00010e38       _unlock_fhandle            0000000180011e38 f   LIBCMT:osfinfo.obj
 0001:00010e64       _mbtowc_l                  0000000180011e64 f   LIBCMT:mbtowc.obj
 0001:00010fb8       mbtowc                     0000000180011fb8 f   LIBCMT:mbtowc.obj
 0001:00010fc0       _putwch_nolock             0000000180011fc0 f   LIBCMT:putwch.obj
 0001:00011030       __chkstk                   0000000180012030 f   LIBCMT:chkstk.obj
 0001:00011030       _alloca_probe              0000000180012030 f   LIBCMT:chkstk.obj
 0001:00011080       _fputwc_nolock             0000000180012080 f   LIBCMT:fputwc.obj
 0001:00011274       _ld12tod                   0000000180012274 f   LIBCMT:intrncvt.obj
 0001:0001182c       _ld12tof                   000000018001282c f   LIBCMT:intrncvt.obj
 0001:00011de4       __strgtold12_l             0000000180012de4 f   LIBCMT:strgtold.obj
 0001:00012648       $I10_OUTPUT                0000000180013648 f   LIBCMT:x10fout.obj
 0001:00013120       _close                     0000000180014120 f   LIBCMT:close.obj
 0001:000131e4       _close_nolock              00000001800141e4 f   LIBCMT:close.obj
 0001:000132a0       __termconout               00000001800142a0 f   LIBCMT:initcon.obj
 0001:000132c0       __initconout               00000001800142c0 f   LIBCMT:initcon.obj
 0001:000132fc       _flswbuf                   00000001800142fc f   LIBCMT:_flswbuf.obj
 0001:0001348c       __mtold12                  000000018001448c f   LIBCMT:mantold.obj
 0001:000136b0       IsProcessorFeaturePresent  00000001800146b0 f   kernel32:KERNEL32.dll
 0001:000136b6       RtlUnwindEx                00000001800146b6 f   kernel32:KERNEL32.dll
 0001:000136bc       floor                      00000001800146bc f   LIBCMT:floor.obj
 0002:00000000       __imp_DeleteDC             0000000180015000     gdi32:GDI32.dll
 0002:00000008       __imp_CreateDIBSection     0000000180015008     gdi32:GDI32.dll
 0002:00000010       __imp_DeleteObject         0000000180015010     gdi32:GDI32.dll
 0002:00000018       __imp_SelectObject         0000000180015018     gdi32:GDI32.dll
 0002:00000020       __imp_CreateCompatibleDC   0000000180015020     gdi32:GDI32.dll
 0002:00000028       __imp_BitBlt               0000000180015028     gdi32:GDI32.dll
 0002:00000030       \177GDI32_NULL_THUNK_DATA  0000000180015030     gdi32:GDI32.dll
 0002:00000038       __imp_GetStringTypeW       0000000180015038     kernel32:KERNEL32.dll
 0002:00000040       __imp_LCMapStringW         0000000180015040     kernel32:KERNEL32.dll
 0002:00000048       __imp_SetFilePointerEx     0000000180015048     kernel32:KERNEL32.dll
 0002:00000050       __imp_SetStdHandle         0000000180015050     kernel32:KERNEL32.dll
 0002:00000058       __imp_CloseHandle          0000000180015058     kernel32:KERNEL32.dll
 0002:00000060       __imp_Sleep                0000000180015060     kernel32:KERNEL32.dll
 0002:00000068       __imp_HeapReAlloc          0000000180015068     kernel32:KERNEL32.dll
 0002:00000070       __imp_GetConsoleMode       0000000180015070     kernel32:KERNEL32.dll
 0002:00000078       __imp_GetConsoleCP         0000000180015078     kernel32:KERNEL32.dll
 0002:00000080       __imp_FlushFileBuffers     0000000180015080     kernel32:KERNEL32.dll
 0002:00000088       __imp_FreeEnvironmentStringsW 0000000180015088     kernel32:KERNEL32.dll
 0002:00000090       __imp_GetEnvironmentStringsW 0000000180015090     kernel32:KERNEL32.dll
 0002:00000098       __imp_GetCurrentProcessId  0000000180015098     kernel32:KERNEL32.dll
 0002:000000a0       __imp_QueryPerformanceCounter 00000001800150a0     kernel32:KERNEL32.dll
 0002:000000a8       __imp_GetModuleFileNameA   00000001800150a8     kernel32:KERNEL32.dll
 0002:000000b0       __imp_DeleteCriticalSection 00000001800150b0     kernel32:KERNEL32.dll
 0002:000000b8       __imp_GetModuleHandleW     00000001800150b8     kernel32:KERNEL32.dll
 0002:000000c0       __imp_GetStartupInfoW      00000001800150c0     kernel32:KERNEL32.dll
 0002:000000c8       __imp_TlsFree              00000001800150c8     kernel32:KERNEL32.dll
 0002:000000d0       __imp_TlsSetValue          00000001800150d0     kernel32:KERNEL32.dll
 0002:000000d8       __imp_TlsGetValue          00000001800150d8     kernel32:KERNEL32.dll
 0002:000000e0       __imp_TlsAlloc             00000001800150e0     kernel32:KERNEL32.dll
 0002:000000e8       __imp_TerminateProcess     00000001800150e8     kernel32:KERNEL32.dll
 0002:000000f0       __imp_GetCurrentProcess    00000001800150f0     kernel32:KERNEL32.dll
 0002:000000f8       __imp_InitializeCriticalSectionAndSpinCount 00000001800150f8     kernel32:KERNEL32.dll
 0002:00000100       __imp_SetUnhandledExceptionFilter 0000000180015100     kernel32:KERNEL32.dll
 0002:00000108       __imp_UnhandledExceptionFilter 0000000180015108     kernel32:KERNEL32.dll
 0002:00000110       __imp_RtlVirtualUnwind     0000000180015110     kernel32:KERNEL32.dll
 0002:00000118       __imp_RtlCaptureContext    0000000180015118     kernel32:KERNEL32.dll
 0002:00000120       __imp_SetLastError         0000000180015120     kernel32:KERNEL32.dll
 0002:00000128       __imp_GetCPInfo            0000000180015128     kernel32:KERNEL32.dll
 0002:00000130       __imp_GetOEMCP             0000000180015130     kernel32:KERNEL32.dll
 0002:00000138       __imp_GetACP               0000000180015138     kernel32:KERNEL32.dll
 0002:00000140       __imp_IsValidCodePage      0000000180015140     kernel32:KERNEL32.dll
 0002:00000148       __imp_HeapSize             0000000180015148     kernel32:KERNEL32.dll
 0002:00000150       __imp_LoadLibraryExW       0000000180015150     kernel32:KERNEL32.dll
 0002:00000158       __imp_OutputDebugStringW   0000000180015158     kernel32:KERNEL32.dll
 0002:00000160       __imp_LeaveCriticalSection 0000000180015160     kernel32:KERNEL32.dll
 0002:00000168       __imp_EnterCriticalSection 0000000180015168     kernel32:KERNEL32.dll
 0002:00000170       __imp_WriteFile            0000000180015170     kernel32:KERNEL32.dll
 0002:00000178       __imp_WideCharToMultiByte  0000000180015178     kernel32:KERNEL32.dll
 0002:00000180       __imp_MultiByteToWideChar  0000000180015180     kernel32:KERNEL32.dll
 0002:00000188       __imp_GetProcAddress       0000000180015188     kernel32:KERNEL32.dll
 0002:00000190       __imp_ExitProcess          0000000180015190     kernel32:KERNEL32.dll
 0002:00000198       __imp_GetProcessHeap       0000000180015198     kernel32:KERNEL32.dll
 0002:000001a0       __imp_RtlUnwindEx          00000001800151a0     kernel32:KERNEL32.dll
 0002:000001a8       __imp_RtlLookupFunctionEntry 00000001800151a8     kernel32:KERNEL32.dll
 0002:000001b0       __imp_GetLastError         00000001800151b0     kernel32:KERNEL32.dll
 0002:000001b8       __imp_HeapFree             00000001800151b8     kernel32:KERNEL32.dll
 0002:000001c0       __imp_HeapAlloc            00000001800151c0     kernel32:KERNEL32.dll
 0002:000001c8       __imp_GetStdHandle         00000001800151c8     kernel32:KERNEL32.dll
 0002:000001d0       __imp_GetFileType          00000001800151d0     kernel32:KERNEL32.dll
 0002:000001d8       __imp_GetModuleFileNameW   00000001800151d8     kernel32:KERNEL32.dll
 0002:000001e0       __imp_GetModuleHandleExW   00000001800151e0     kernel32:KERNEL32.dll
 0002:000001e8       __imp_WriteConsoleW        00000001800151e8     kernel32:KERNEL32.dll
 0002:000001f0       __imp_EncodePointer        00000001800151f0     kernel32:KERNEL32.dll
 0002:000001f8       __imp_DecodePointer        00000001800151f8     kernel32:KERNEL32.dll
 0002:00000200       __imp_GetSystemTimeAsFileTime 0000000180015200     kernel32:KERNEL32.dll
 0002:00000208       __imp_IsDebuggerPresent    0000000180015208     kernel32:KERNEL32.dll
 0002:00000210       __imp_IsProcessorFeaturePresent 0000000180015210     kernel32:KERNEL32.dll
 0002:00000218       __imp_GetCommandLineA      0000000180015218     kernel32:KERNEL32.dll
 0002:00000220       __imp_GetCurrentThreadId   0000000180015220     kernel32:KERNEL32.dll
 0002:00000228       __imp_RaiseException       0000000180015228     kernel32:KERNEL32.dll
 0002:00000230       __imp_CreateFileW          0000000180015230     kernel32:KERNEL32.dll
 0002:00000238       \177KERNEL32_NULL_THUNK_DATA 0000000180015238     kernel32:KERNEL32.dll
 0002:00000240       __imp_GetSystemMetrics     0000000180015240     user32:USER32.dll
 0002:00000248       __imp_GetCursorPos         0000000180015248     user32:USER32.dll
 0002:00000250       __imp_SendInput            0000000180015250     user32:USER32.dll
 0002:00000258       __imp_MapVirtualKeyA       0000000180015258     user32:USER32.dll
 0002:00000260       __imp_keybd_event          0000000180015260     user32:USER32.dll
 0002:00000268       __imp_VkKeyScanA           0000000180015268     user32:USER32.dll
 0002:00000270       __imp_ReleaseDC            0000000180015270     user32:USER32.dll
 0002:00000278       __imp_GetDC                0000000180015278     user32:USER32.dll
 0002:00000280       __imp_mouse_event          0000000180015280     user32:USER32.dll
 0002:00000288       \177USER32_NULL_THUNK_DATA 0000000180015288     user32:USER32.dll
 0002:00000290       __imp_?Value@External@v8@@QEBAPEAXXZ 0000000180015290     iojs:node.dll
 0002:00000298       __imp_?GetCurrent@Isolate@v8@@SAPEAV12@XZ 0000000180015298     iojs:node.dll
 0002:000002a0       __imp_?GetCurrentContext@Isolate@v8@@QEAA?AV?$Local@VContext@v8@@@2@XZ 00000001800152a0     iojs:node.dll
 0002:000002a8       __imp_?ThrowException@Isolate@v8@@QEAA?AV?$Local@VValue@v8@@@2@V32@@Z 00000001800152a8     iojs:node.dll
 0002:000002b0       __imp_?New@Integer@v8@@SA?AV?$Local@VInteger@v8@@@2@PEAVIsolate@2@H@Z 00000001800152b0     iojs:node.dll
 0002:000002b8       __imp_?New@ObjectTemplate@v8@@SA?AV?$Local@VObjectTemplate@v8@@@2@PEAVIsolate@2@V?$Local@VFunctionTemplate@v8@@@2@@Z 00000001800152b8     iojs:node.dll
 0002:000002c0       __imp_?NewInstance@ObjectTemplate@v8@@QEAA?AV?$MaybeLocal@VObject@v8@@@2@V?$Local@VContext@v8@@@2@@Z 00000001800152c0     iojs:node.dll
 0002:000002c8       __imp_?SetInternalFieldCount@ObjectTemplate@v8@@QEAAXH@Z 00000001800152c8     iojs:node.dll
 0002:000002d0       __imp_?Set@Object@v8@@QEAA?AV?$Maybe@_N@2@V?$Local@VContext@v8@@@2@V?$Local@VValue@v8@@@2@1@Z 00000001800152d0     iojs:node.dll
 0002:000002d8       __imp_?Get@Object@v8@@QEAA?AV?$Local@VValue@v8@@@2@I@Z 00000001800152d8     iojs:node.dll
 0002:000002e0       __imp_?Get@Object@v8@@QEAA?AV?$Local@VValue@v8@@@2@V32@@Z 00000001800152e0     iojs:node.dll
 0002:000002e8       __imp_?SetInternalField@Object@v8@@QEAAXHV?$Local@VValue@v8@@@2@@Z 00000001800152e8     iojs:node.dll
 0002:000002f0       __imp_?New@Object@v8@@SA?AV?$Local@VObject@v8@@@2@PEAVIsolate@2@@Z 00000001800152f0     iojs:node.dll
 0002:000002f8       __imp_?SlowGetInternalField@Object@v8@@AEAA?AV?$Local@VValue@v8@@@2@H@Z 00000001800152f8     iojs:node.dll
 0002:00000300       __imp_?New@Number@v8@@SA?AV?$Local@VNumber@v8@@@2@PEAVIsolate@2@N@Z 0000000180015300     iojs:node.dll
 0002:00000308       __imp_??0HandleScope@v8@@QEAA@PEAVIsolate@1@@Z 0000000180015308     iojs:node.dll
 0002:00000310       __imp_??1HandleScope@v8@@QEAA@XZ 0000000180015310     iojs:node.dll
 0002:00000318       __imp_?CreateHandle@HandleScope@v8@@CAPEAPEAVObject@internal@2@PEAVHeapObject@42@PEAV342@@Z 0000000180015318     iojs:node.dll
 0002:00000320       __imp_?CreateHandle@HandleScope@v8@@KAPEAPEAVObject@internal@2@PEAVIsolate@42@PEAV342@@Z 0000000180015320     iojs:node.dll
 0002:00000328       __imp_?New@External@v8@@SA?AV?$Local@VExternal@v8@@@2@PEAVIsolate@2@PEAX@Z 0000000180015328     iojs:node.dll
 0002:00000330       __imp_?Length@String@v8@@QEBAHXZ 0000000180015330     iojs:node.dll
 0002:00000338       __imp_?WriteUtf8@String@v8@@QEBAHPEADHPEAHH@Z 0000000180015338     iojs:node.dll
 0002:00000340       __imp_?NewFromUtf8@String@v8@@SA?AV?$MaybeLocal@VString@v8@@@2@PEAVIsolate@2@PEBDW4NewStringType@2@H@Z 0000000180015340     iojs:node.dll
 0002:00000348       __imp_??0Utf8Value@String@v8@@QEAA@V?$Local@VValue@v8@@@2@@Z 0000000180015348     iojs:node.dll
 0002:00000350       __imp_??1Utf8Value@String@v8@@QEAA@XZ 0000000180015350     iojs:node.dll
 0002:00000358       __imp_?Error@Exception@v8@@SA?AV?$Local@VValue@v8@@@2@V?$Local@VString@v8@@@2@@Z 0000000180015358     iojs:node.dll
 0002:00000360       __imp_?New@FunctionTemplate@v8@@SA?AV?$Local@VFunctionTemplate@v8@@@2@PEAVIsolate@2@P6AXAEBV?$FunctionCallbackInfo@VValue@v8@@@2@@ZV?$Local@VValue@v8@@@2@V?$Local@VSignature@v8@@@2@H@Z 0000000180015360     iojs:node.dll
 0002:00000368       __imp_?GetFunction@FunctionTemplate@v8@@QEAA?AV?$MaybeLocal@VFunction@v8@@@2@V?$Local@VContext@v8@@@2@@Z 0000000180015368     iojs:node.dll
 0002:00000370       __imp_?IsArray@Value@v8@@QEBA_NXZ 0000000180015370     iojs:node.dll
 0002:00000378       __imp_?ToObject@Value@v8@@QEBA?AV?$MaybeLocal@VObject@v8@@@2@V?$Local@VContext@v8@@@2@@Z 0000000180015378     iojs:node.dll
 0002:00000380       __imp_?ToInt32@Value@v8@@QEBA?AV?$MaybeLocal@VInt32@v8@@@2@V?$Local@VContext@v8@@@2@@Z 0000000180015380     iojs:node.dll
 0002:00000388       __imp_?BooleanValue@Value@v8@@QEBA_NXZ 0000000180015388     iojs:node.dll
 0002:00000390       __imp_?Uint32Value@Value@v8@@QEBAIXZ 0000000180015390     iojs:node.dll
 0002:00000398       __imp_?Int32Value@Value@v8@@QEBAHXZ 0000000180015398     iojs:node.dll
 0002:000003a0       __imp_??0EscapableHandleScope@v8@@QEAA@PEAVIsolate@1@@Z 00000001800153a0     iojs:node.dll
 0002:000003a8       __imp_?Escape@EscapableHandleScope@v8@@AEAAPEAPEAVObject@internal@2@PEAPEAV342@@Z 00000001800153a8     iojs:node.dll
 0002:000003b0       __imp_?ToLocalEmpty@V8@v8@@CAXXZ 00000001800153b0     iojs:node.dll
 0002:000003b8       __imp_node_module_register 00000001800153b8     iojs:node.dll
 0002:000003c0       __imp_?New@Buffer@node@@YA?AV?$MaybeLocal@VObject@v8@@@v8@@PEAVIsolate@4@PEAD_KP6AX1PEAX@Z3@Z 00000001800153c0     iojs:node.dll
 0002:000003c8       __imp_?Data@Buffer@node@@YAPEADV?$Local@VValue@v8@@@v8@@@Z 00000001800153c8     iojs:node.dll
 0002:000003d0       __imp_?ToString@Value@v8@@QEBA?AV?$Local@VString@v8@@@2@XZ 00000001800153d0     iojs:node.dll
 0002:000003d8       __imp_?Length@Array@v8@@QEBAIXZ 00000001800153d8     iojs:node.dll
 0002:000003e0       \177node_NULL_THUNK_DATA   00000001800153e0     iojs:node.dll
 0002:000003e8       __xc_a                     00000001800153e8     LIBCMT:crt0init.obj
 0002:00000400       _register_robotjs_         0000000180015400     robotjs.obj
 0002:00000408       __xc_z                     0000000180015408     LIBCMT:crt0init.obj
 0002:00000410       __xi_a                     0000000180015410     LIBCMT:crt0init.obj
 0002:00000440       __xi_z                     0000000180015440     LIBCMT:crt0init.obj
 0002:00000448       __xp_a                     0000000180015448     LIBCMT:crt0init.obj
 0002:00000468       __xp_z                     0000000180015468     LIBCMT:crt0init.obj
 0002:00000470       __xt_a                     0000000180015470     LIBCMT:crt0init.obj
 0002:00000478       __xt_z                     0000000180015478     LIBCMT:crt0init.obj
 0002:00000e60       ??_C@_0BC@CIJDGCDI@permission?5denied?$AA@ 0000000180015e60     libcpmt:syserror.obj
 0002:00000e78       ??_C@_0M@MIDIAGJP@file?5exists?$AA@ 0000000180015e78     libcpmt:syserror.obj
 0002:00000e88       ??_C@_0P@FDINDDOK@no?5such?5device?$AA@ 0000000180015e88     libcpmt:syserror.obj
 0002:00000e98       ??_C@_0BC@EJHOMAAK@filename?5too?5long?$AA@ 0000000180015e98     libcpmt:syserror.obj
 0002:00000eb0       ??_C@_0BI@NGCEHDD@device?5or?5resource?5busy?$AA@ 0000000180015eb0     libcpmt:syserror.obj
 0002:00000ec8       ??_C@_08GLNPIFBN@io?5error?$AA@ 0000000180015ec8     libcpmt:syserror.obj
 0002:00000ed8       ??_C@_0BE@JIDOCPHM@directory?5not?5empty?$AA@ 0000000180015ed8     libcpmt:syserror.obj
 0002:00000ef0       ??_C@_0BB@FCMFBGOM@invalid?5argument?$AA@ 0000000180015ef0     libcpmt:syserror.obj
 0002:00000f08       ??_C@_0BD@IJDJKDEA@no?5space?5on?5device?$AA@ 0000000180015f08     libcpmt:syserror.obj
 0002:00000f20       ??_C@_0BK@NDOCBPGE@no?5such?5file?5or?5directory?$AA@ 0000000180015f20     libcpmt:syserror.obj
 0002:00000f40       ??_C@_0BH@KEFGLDAF@function?5not?5supported?$AA@ 0000000180015f40     libcpmt:syserror.obj
 0002:00000f58       ??_C@_0BC@NJECKMKE@no?5lock?5available?$AA@ 0000000180015f58     libcpmt:syserror.obj
 0002:00000f70       ??_C@_0BC@ENOOLCNF@not?5enough?5memory?$AA@ 0000000180015f70     libcpmt:syserror.obj
 0002:00000f88       ??_C@_0BP@LKNGHENJ@resource?5unavailable?5try?5again?$AA@ 0000000180015f88     libcpmt:syserror.obj
 0002:00000fa8       ??_C@_0BC@PPHBOELF@cross?5device?5link?$AA@ 0000000180015fa8     libcpmt:syserror.obj
 0002:00000fc0       ??_C@_0BD@MOLBPMEA@operation?5canceled?$AA@ 0000000180015fc0     libcpmt:syserror.obj
 0002:00000fd8       ??_C@_0BE@GHAFMPAH@too?5many?5files?5open?$AA@ 0000000180015fd8     libcpmt:syserror.obj
 0002:00000ff0       ??_C@_0BC@FNODOBAE@permission_denied?$AA@ 0000000180015ff0     libcpmt:syserror.obj
 0002:00001008       ??_C@_0P@LNDJPBFK@address_in_use?$AA@ 0000000180016008     libcpmt:syserror.obj
 0002:00001018       ??_C@_0BG@IPMGOJF@address_not_available?$AA@ 0000000180016018     libcpmt:syserror.obj
 0002:00001030       ??_C@_0BN@LCBDHODA@address_family_not_supported?$AA@ 0000000180016030     libcpmt:syserror.obj
 0002:00001050       ??_C@_0BP@FOJJHMCC@connection_already_in_progress?$AA@ 0000000180016050     libcpmt:syserror.obj
 0002:00001070       ??_C@_0BE@DLHHIBGN@bad_file_descriptor?$AA@ 0000000180016070     libcpmt:syserror.obj
 0002:00001088       ??_C@_0BD@OJMJDIGI@connection_aborted?$AA@ 0000000180016088     libcpmt:syserror.obj
 0002:000010a0       ??_C@_0BD@NGKCIFEP@connection_refused?$AA@ 00000001800160a0     libcpmt:syserror.obj
 0002:000010b8       ??_C@_0BB@JOANDNCK@connection_reset?$AA@ 00000001800160b8     libcpmt:syserror.obj
 0002:000010d0       ??_C@_0BN@JLJNLKLK@destination_address_required?$AA@ 00000001800160d0     libcpmt:syserror.obj
 0002:000010f0       ??_C@_0M@IJGMGFGP@bad_address?$AA@ 00000001800160f0     libcpmt:syserror.obj
 0002:00001100       ??_C@_0BB@KKNHPPIN@host_unreachable?$AA@ 0000000180016100     libcpmt:syserror.obj
 0002:00001118       ??_C@_0BG@DJGBJIIK@operation_in_progress?$AA@ 0000000180016118     libcpmt:syserror.obj
 0002:00001130       ??_C@_0M@EGEKIIMP@interrupted?$AA@ 0000000180016130     libcpmt:syserror.obj
 0002:00001140       ??_C@_0BB@FFIHMIPJ@invalid_argument?$AA@ 0000000180016140     libcpmt:syserror.obj
 0002:00001158       ??_C@_0BC@FIFLCHLO@already_connected?$AA@ 0000000180016158     libcpmt:syserror.obj
 0002:00001170       ??_C@_0BE@GJJJJDDA@too_many_files_open?$AA@ 0000000180016170     libcpmt:syserror.obj
 0002:00001188       ??_C@_0N@HPMLKHPL@message_size?$AA@ 0000000180016188     libcpmt:syserror.obj
 0002:00001198       ??_C@_0BC@LEEIKBAL@filename_too_long?$AA@ 0000000180016198     libcpmt:syserror.obj
 0002:000011b0       ??_C@_0N@FCPALPJK@network_down?$AA@ 00000001800161b0     libcpmt:syserror.obj
 0002:000011c0       ??_C@_0O@EHNDLHIG@network_reset?$AA@ 00000001800161c0     libcpmt:syserror.obj
 0002:000011d0       ??_C@_0BE@JFNJIDNF@network_unreachable?$AA@ 00000001800161d0     libcpmt:syserror.obj
 0002:000011e8       ??_C@_0BA@FDIJKJCL@no_buffer_space?$AA@ 00000001800161e8     libcpmt:syserror.obj
 0002:000011f8       ??_C@_0BD@JHIHCGKP@no_protocol_option?$AA@ 00000001800161f8     libcpmt:syserror.obj
 0002:00001210       ??_C@_0O@GBCLHHD@not_connected?$AA@ 0000000180016210     libcpmt:syserror.obj
 0002:00001220       ??_C@_0N@IMHKKLEM@not_a_socket?$AA@ 0000000180016220     libcpmt:syserror.obj
 0002:00001230       ??_C@_0BI@ICEIDKLJ@operation_not_supported?$AA@ 0000000180016230     libcpmt:syserror.obj
 0002:00001248       ??_C@_0BH@KAPBAIJF@protocol_not_supported?$AA@ 0000000180016248     libcpmt:syserror.obj
 0002:00001260       ??_C@_0BE@GAOJJFPC@wrong_protocol_type?$AA@ 0000000180016260     libcpmt:syserror.obj
 0002:00001278       ??_C@_09NCHNLHPG@timed_out?$AA@ 0000000180016278     libcpmt:syserror.obj
 0002:00001288       ??_C@_0BG@GDGHKFDH@operation_would_block?$AA@ 0000000180016288     libcpmt:syserror.obj
 0002:000012a0       ??_C@_0BN@LKKBCCDB@address?5family?5not?5supported?$AA@ 00000001800162a0     libcpmt:syserror.obj
 0002:000012c0       ??_C@_0P@LDMLAFHI@address?5in?5use?$AA@ 00000001800162c0     libcpmt:syserror.obj
 0002:000012d0       ??_C@_0BG@DHPCNBJB@address?5not?5available?$AA@ 00000001800162d0     libcpmt:syserror.obj
 0002:000012e8       ??_C@_0BC@DFIBIBIL@already?5connected?$AA@ 00000001800162e8     libcpmt:syserror.obj
 0002:00001300       ??_C@_0BH@CAKOHOMI@argument?5list?5too?5long?$AA@ 0000000180016300     libcpmt:syserror.obj
 0002:00001318       ??_C@_0BH@CGIMPKIM@argument?5out?5of?5domain?$AA@ 0000000180016318     libcpmt:syserror.obj
 0002:00001330       ??_C@_0M@KGHGGJGL@bad?5address?$AA@ 0000000180016330     libcpmt:syserror.obj
 0002:00001340       ??_C@_0BE@MPJPGCEO@bad?5file?5descriptor?$AA@ 0000000180016340     libcpmt:syserror.obj
 0002:00001358       ??_C@_0M@PMMIEFCP@bad?5message?$AA@ 0000000180016358     libcpmt:syserror.obj
 0002:00001368       ??_C@_0M@KPHOFDBE@broken?5pipe?$AA@ 0000000180016368     libcpmt:syserror.obj
 0002:00001378       ??_C@_0BD@MGNDDEGM@connection?5aborted?$AA@ 0000000180016378     libcpmt:syserror.obj
 0002:00001390       ??_C@_0BP@KAIHPOGN@connection?5already?5in?5progress?$AA@ 0000000180016390     libcpmt:syserror.obj
 0002:000013b0       ??_C@_0BD@PJLIIJEL@connection?5refused?$AA@ 00000001800163b0     libcpmt:syserror.obj
 0002:000013c8       ??_C@_0BB@IECNJNOI@connection?5reset?$AA@ 00000001800163c8     libcpmt:syserror.obj
 0002:000013e0       ??_C@_0BN@KDMIFEIP@destination?5address?5required?$AA@ 00000001800163e0     libcpmt:syserror.obj
 0002:00001400       ??_C@_0BI@BNCLIGPB@executable?5format?5error?$AA@ 0000000180016400     libcpmt:syserror.obj
 0002:00001418       ??_C@_0P@DNAJLBJK@file?5too?5large?$AA@ 0000000180016418     libcpmt:syserror.obj
 0002:00001428       ??_C@_0BB@DHFDFGDM@host?5unreachable?$AA@ 0000000180016428     libcpmt:syserror.obj
 0002:00001440       ??_C@_0BD@JPHBMONG@identifier?5removed?$AA@ 0000000180016440     libcpmt:syserror.obj
 0002:00001458       ??_C@_0BG@CDNPAGJK@illegal?5byte?5sequence?$AA@ 0000000180016458     libcpmt:syserror.obj
 0002:00001470       ??_C@_0CD@BNPLBMNA@inappropriate?5io?5control?5operati@ 0000000180016470     libcpmt:syserror.obj
 0002:00001498       ??_C@_0N@OHAFKDEK@invalid?5seek?$AA@ 0000000180016498     libcpmt:syserror.obj
 0002:000014a8       ??_C@_0P@FLLDBIDK@is?5a?5directory?$AA@ 00000001800164a8     libcpmt:syserror.obj
 0002:000014b8       ??_C@_0N@IFLPBIOP@message?5size?$AA@ 00000001800164b8     libcpmt:syserror.obj
 0002:000014c8       ??_C@_0N@KIIEAAIO@network?5down?$AA@ 00000001800164c8     libcpmt:syserror.obj
 0002:000014d8       ??_C@_0O@FNPDBHEE@network?5reset?$AA@ 00000001800164d8     libcpmt:syserror.obj
 0002:000014e8       ??_C@_0BE@IFNCKGE@network?5unreachable?$AA@ 00000001800164e8     libcpmt:syserror.obj
 0002:00001500       ??_C@_0BA@PFFCAOFK@no?5buffer?5space?$AA@ 0000000180016500     libcpmt:syserror.obj
 0002:00001510       ??_C@_0BB@IEPBLJHK@no?5child?5process?$AA@ 0000000180016510     libcpmt:syserror.obj
 0002:00001528       ??_C@_07PLECNNKG@no?5link?$AA@ 0000000180016528     libcpmt:syserror.obj
 0002:00001530       ??_C@_0BF@PBGGPKKE@no?5message?5available?$AA@ 0000000180016530     libcpmt:syserror.obj
 0002:00001548       ??_C@_0L@EDOLMPAK@no?5message?$AA@ 0000000180016548     libcpmt:syserror.obj
 0002:00001558       ??_C@_0BD@EAMBFIDF@no?5protocol?5option?$AA@ 0000000180016558     libcpmt:syserror.obj
 0002:00001570       ??_C@_0BE@MKFDAFMP@no?5stream?5resources?$AA@ 0000000180016570     libcpmt:syserror.obj
 0002:00001588       ??_C@_0BK@IMCPHCBI@no?5such?5device?5or?5address?$AA@ 0000000180016588     libcpmt:syserror.obj
 0002:000015a8       ??_C@_0BA@ENLPPKBN@no?5such?5process?$AA@ 00000001800165a8     libcpmt:syserror.obj
 0002:000015b8       ??_C@_0BA@DOCPFFJG@not?5a?5directory?$AA@ 00000001800165b8     libcpmt:syserror.obj
 0002:000015c8       ??_C@_0N@POEIPGGF@not?5a?5socket?$AA@ 00000001800165c8     libcpmt:syserror.obj
 0002:000015d8       ??_C@_0N@LGAPMMPI@not?5a?5stream?$AA@ 00000001800165d8     libcpmt:syserror.obj
 0002:000015e8       ??_C@_0O@GLMIBBEG@not?5connected?$AA@ 00000001800165e8     libcpmt:syserror.obj
 0002:000015f8       ??_C@_0O@NHEDABJP@not?5supported?$AA@ 00000001800165f8     libcpmt:syserror.obj
 0002:00001608       ??_C@_0BG@KDKHOPCO@operation?5in?5progress?$AA@ 0000000180016608     libcpmt:syserror.obj
 0002:00001620       ??_C@_0BI@OHIEJAAB@operation?5not?5permitted?$AA@ 0000000180016620     libcpmt:syserror.obj
 0002:00001638       ??_C@_0BI@LNEGIFLN@operation?5not?5supported?$AA@ 0000000180016638     libcpmt:syserror.obj
 0002:00001650       ??_C@_0BG@OEMDKMEE@operation?5would?5block?$AA@ 0000000180016650     libcpmt:syserror.obj
 0002:00001668       ??_C@_0L@BLPOFLNJ@owner?5dead?$AA@ 0000000180016668     libcpmt:syserror.obj
 0002:00001678       ??_C@_0P@FNPOCJBE@protocol?5error?$AA@ 0000000180016678     libcpmt:syserror.obj
 0002:00001688       ??_C@_0BH@JPPPLHJB@protocol?5not?5supported?$AA@ 0000000180016688     libcpmt:syserror.obj
 0002:000016a0       ??_C@_0BG@EICBIHDP@read?5only?5file?5system?$AA@ 00000001800166a0     libcpmt:syserror.obj
 0002:000016b8       ??_C@_0BO@BJBOMOEJ@resource?5deadlock?5would?5occur?$AA@ 00000001800166b8     libcpmt:syserror.obj
 0002:000016d8       ??_C@_0BE@GOIPJJHG@result?5out?5of?5range?$AA@ 00000001800166d8     libcpmt:syserror.obj
 0002:000016f0       ??_C@_0BG@MPLKFPAE@state?5not?5recoverable?$AA@ 00000001800166f0     libcpmt:syserror.obj
 0002:00001708       ??_C@_0P@DIIFGFCG@stream?5timeout?$AA@ 0000000180016708     libcpmt:syserror.obj
 0002:00001718       ??_C@_0P@IPFDMIFL@text?5file?5busy?$AA@ 0000000180016718     libcpmt:syserror.obj
 0002:00001728       ??_C@_09KJPPMAOI@timed?5out?$AA@ 0000000180016728     libcpmt:syserror.obj
 0002:00001738       ??_C@_0BO@HACHBEKI@too?5many?5files?5open?5in?5system?$AA@ 0000000180016738     libcpmt:syserror.obj
 0002:00001758       ??_C@_0P@HCOMKFCC@too?5many?5links?$AA@ 0000000180016758     libcpmt:syserror.obj
 0002:00001768       ??_C@_0BO@EFGOJEF@too?5many?5symbolic?5link?5levels?$AA@ 0000000180016768     libcpmt:syserror.obj
 0002:00001788       ??_C@_0BA@KGKGOOJA@value?5too?5large?$AA@ 0000000180016788     libcpmt:syserror.obj
 0002:00001798       ??_C@_0BE@MIEJDDNH@wrong?5protocol?5type?$AA@ 0000000180016798     libcpmt:syserror.obj
 0002:000017b0       ??_C@_17LGKOMLJ@?$AA?4?$AA?4?$AA?4?$AA?$AA@ 00000001800167b0     LIBCMT:wassert.obj
 0002:000017b8       ??_C@_13LBAGMAIH@?$AA?6?$AA?$AA@ 00000001800167b8     LIBCMT:wassert.obj
 0002:000017bc       ??_C@_15IABLJNFO@?$AA?6?$AA?6?$AA?$AA@ 00000001800167bc     LIBCMT:wassert.obj
 0002:000017c8       ??_C@_1CE@OJBNHDMO@?$AAA?$AAs?$AAs?$AAe?$AAr?$AAt?$AAi?$AAo?$AAn?$AA?5?$AAf?$AAa?$AAi?$AAl?$AAe?$AAd?$AA?$CB?$AA?$AA@ 00000001800167c8     LIBCMT:wassert.obj
 0002:000017f0       ??_C@_1BE@PHKBBGE@?$AAP?$AAr?$AAo?$AAg?$AAr?$AAa?$AAm?$AA?3?$AA?5?$AA?$AA@ 00000001800167f0     LIBCMT:wassert.obj
 0002:00001808       ??_C@_1CO@EAEJAADC@?$AA?$DM?$AAp?$AAr?$AAo?$AAg?$AAr?$AAa?$AAm?$AA?5?$AAn?$AAa?$AAm?$AAe?$AA?5?$AAu?$AAn?$AAk?$AAn?$AAo?$AAw?$AAn?$AA?$DO?$AA?$AA@ 0000000180016808     LIBCMT:wassert.obj
 0002:00001838       ??_C@_1O@HEMHKNDC@?$AAF?$AAi?$AAl?$AAe?$AA?3?$AA?5?$AA?$AA@ 0000000180016838     LIBCMT:wassert.obj
 0002:00001848       ??_C@_1O@KCAFKHJE@?$AAL?$AAi?$AAn?$AAe?$AA?3?$AA?5?$AA?$AA@ 0000000180016848     LIBCMT:wassert.obj
 0002:00001858       ??_C@_1BK@PEDCIPMA@?$AAE?$AAx?$AAp?$AAr?$AAe?$AAs?$AAs?$AAi?$AAo?$AAn?$AA?3?$AA?5?$AA?$AA@ 0000000180016858     LIBCMT:wassert.obj
 0002:00001880       ??_C@_1OA@EGMLFBHJ@?$AAF?$AAo?$AAr?$AA?5?$AAi?$AAn?$AAf?$AAo?$AAr?$AAm?$AAa?$AAt?$AAi?$AAo?$AAn?$AA?5?$AAo?$AAn?$AA?5?$AAh?$AAo?$AAw?$AA?5?$AAy?$AAo?$AAu?$AAr?$AA?5?$AAp?$AAr?$AAo?$AAg@ 0000000180016880     LIBCMT:wassert.obj
 0002:00001960       ??_C@_1HK@POCJMFGK@?$AA?$CI?$AAP?$AAr?$AAe?$AAs?$AAs?$AA?5?$AAR?$AAe?$AAt?$AAr?$AAy?$AA?5?$AAt?$AAo?$AA?5?$AAd?$AAe?$AAb?$AAu?$AAg?$AA?5?$AAt?$AAh?$AAe?$AA?5?$AAa?$AAp?$AAp?$AAl?$AAi?$AAc@ 0000000180016960     LIBCMT:wassert.obj
 0002:000019e0       ??_C@_1EK@MBDPDCGA@?$AAM?$AAi?$AAc?$AAr?$AAo?$AAs?$AAo?$AAf?$AAt?$AA?5?$AAV?$AAi?$AAs?$AAu?$AAa?$AAl?$AA?5?$AAC?$AA?$CL?$AA?$CL?$AA?5?$AAR?$AAu?$AAn?$AAt?$AAi?$AAm?$AAe?$AA?5?$AAL?$AAi?$AAb@ 00000001800169e0     LIBCMT:wassert.obj
 0002:00001a2c       ??_C@_06MEIMCGCF@_hypot?$AA@ 0000000180016a2c     LIBCMT:hypot.obj
 0002:00001a48       _pDefaultRawDllMain        0000000180016a48     LIBCMT:dllcrt0.obj
 0002:00001a48       _pRawDllMain               0000000180016a48     LIBCMT:dllcrt0.obj
 0002:00001a50       _FPinit                    0000000180016a50     LIBCMT:fpinit.obj
 0002:00001a58       ??_C@_1BI@BGOHAHKC@?$AAm?$AAs?$AAc?$AAo?$AAr?$AAe?$AAe?$AA?4?$AAd?$AAl?$AAl?$AA?$AA@ 0000000180016a58     LIBCMT:crt0dat.obj
 0002:00001a70       ??_C@_0P@MIGLKIOC@CorExitProcess?$AA@ 0000000180016a70     LIBCMT:crt0dat.obj
 0002:00001bf0       ??_C@_1FK@PGACCAFB@?$AAR?$AA6?$AA0?$AA0?$AA2?$AA?$AN?$AA?6?$AA?9?$AA?5?$AAf?$AAl?$AAo?$AAa?$AAt?$AAi?$AAn?$AAg?$AA?5?$AAp?$AAo?$AAi?$AAn?$AAt?$AA?5?$AAs?$AAu?$AAp?$AAp?$AAo?$AAr?$AAt?$AA?5@ 0000000180016bf0     LIBCMT:crt0msg.obj
 0002:00001c50       ??_C@_1FE@LLNEDJMD@?$AAR?$AA6?$AA0?$AA0?$AA8?$AA?$AN?$AA?6?$AA?9?$AA?5?$AAn?$AAo?$AAt?$AA?5?$AAe?$AAn?$AAo?$AAu?$AAg?$AAh?$AA?5?$AAs?$AAp?$AAa?$AAc?$AAe?$AA?5?$AAf?$AAo?$AAr?$AA?5?$AAa?$AAr@ 0000000180016c50     LIBCMT:crt0msg.obj
 0002:00001cb0       ??_C@_1FI@HONFMGBI@?$AAR?$AA6?$AA0?$AA0?$AA9?$AA?$AN?$AA?6?$AA?9?$AA?5?$AAn?$AAo?$AAt?$AA?5?$AAe?$AAn?$AAo?$AAu?$AAg?$AAh?$AA?5?$AAs?$AAp?$AAa?$AAc?$AAe?$AA?5?$AAf?$AAo?$AAr?$AA?5?$AAe?$AAn@ 0000000180016cb0     LIBCMT:crt0msg.obj
 0002:00001d10       ??_C@_1EG@BEHAGFJD@?$AAR?$AA6?$AA0?$AA1?$AA0?$AA?$AN?$AA?6?$AA?9?$AA?5?$AAa?$AAb?$AAo?$AAr?$AAt?$AA?$CI?$AA?$CJ?$AA?5?$AAh?$AAa?$AAs?$AA?5?$AAb?$AAe?$AAe?$AAn?$AA?5?$AAc?$AAa?$AAl?$AAl?$AAe?$AAd@ 0000000180016d10     LIBCMT:crt0msg.obj
 0002:00001d60       ??_C@_1FI@LOGNIKDM@?$AAR?$AA6?$AA0?$AA1?$AA6?$AA?$AN?$AA?6?$AA?9?$AA?5?$AAn?$AAo?$AAt?$AA?5?$AAe?$AAn?$AAo?$AAu?$AAg?$AAh?$AA?5?$AAs?$AAp?$AAa?$AAc?$AAe?$AA?5?$AAf?$AAo?$AAr?$AA?5?$AAt?$AAh@ 0000000180016d60     LIBCMT:crt0msg.obj
 0002:00001dc0       ??_C@_1FK@BEOGODMC@?$AAR?$AA6?$AA0?$AA1?$AA7?$AA?$AN?$AA?6?$AA?9?$AA?5?$AAu?$AAn?$AAe?$AAx?$AAp?$AAe?$AAc?$AAt?$AAe?$AAd?$AA?5?$AAm?$AAu?$AAl?$AAt?$AAi?$AAt?$AAh?$AAr?$AAe?$AAa?$AAd?$AA?5@ 0000000180016dc0     LIBCMT:crt0msg.obj
 0002:00001e20       ??_C@_1EC@JIBHAOPH@?$AAR?$AA6?$AA0?$AA1?$AA8?$AA?$AN?$AA?6?$AA?9?$AA?5?$AAu?$AAn?$AAe?$AAx?$AAp?$AAe?$AAc?$AAt?$AAe?$AAd?$AA?5?$AAh?$AAe?$AAa?$AAp?$AA?5?$AAe?$AAr?$AAr?$AAo?$AAr?$AA?$AN?$AA?6@ 0000000180016e20     LIBCMT:crt0msg.obj
 0002:00001e70       ??_C@_1FC@ECHBIFBC@?$AAR?$AA6?$AA0?$AA1?$AA9?$AA?$AN?$AA?6?$AA?9?$AA?5?$AAu?$AAn?$AAa?$AAb?$AAl?$AAe?$AA?5?$AAt?$AAo?$AA?5?$AAo?$AAp?$AAe?$AAn?$AA?5?$AAc?$AAo?$AAn?$AAs?$AAo?$AAl?$AAe?$AA?5@ 0000000180016e70     LIBCMT:crt0msg.obj
 0002:00001ed0       ??_C@_1GK@FHCKBEFA@?$AAR?$AA6?$AA0?$AA2?$AA4?$AA?$AN?$AA?6?$AA?9?$AA?5?$AAn?$AAo?$AAt?$AA?5?$AAe?$AAn?$AAo?$AAu?$AAg?$AAh?$AA?5?$AAs?$AAp?$AAa?$AAc?$AAe?$AA?5?$AAf?$AAo?$AAr?$AA?5?$AA_?$AAo@ 0000000180016ed0     LIBCMT:crt0msg.obj
 0002:00001f40       ??_C@_1EM@MAADIHMB@?$AAR?$AA6?$AA0?$AA2?$AA5?$AA?$AN?$AA?6?$AA?9?$AA?5?$AAp?$AAu?$AAr?$AAe?$AA?5?$AAv?$AAi?$AAr?$AAt?$AAu?$AAa?$AAl?$AA?5?$AAf?$AAu?$AAn?$AAc?$AAt?$AAi?$AAo?$AAn?$AA?5?$AAc@ 0000000180016f40     LIBCMT:crt0msg.obj
 0002:00001f90       ??_C@_1GK@MCAAGJMO@?$AAR?$AA6?$AA0?$AA2?$AA6?$AA?$AN?$AA?6?$AA?9?$AA?5?$AAn?$AAo?$AAt?$AA?5?$AAe?$AAn?$AAo?$AAu?$AAg?$AAh?$AA?5?$AAs?$AAp?$AAa?$AAc?$AAe?$AA?5?$AAf?$AAo?$AAr?$AA?5?$AAs?$AAt@ 0000000180016f90     LIBCMT:crt0msg.obj
 0002:00002000       ??_C@_1GK@MFGOKLAG@?$AAR?$AA6?$AA0?$AA2?$AA7?$AA?$AN?$AA?6?$AA?9?$AA?5?$AAn?$AAo?$AAt?$AA?5?$AAe?$AAn?$AAo?$AAu?$AAg?$AAh?$AA?5?$AAs?$AAp?$AAa?$AAc?$AAe?$AA?5?$AAf?$AAo?$AAr?$AA?5?$AAl?$AAo@ 0000000180017000     LIBCMT:crt0msg.obj
 0002:00002070       ??_C@_1EK@HHFLMAOL@?$AAR?$AA6?$AA0?$AA2?$AA8?$AA?$AN?$AA?6?$AA?9?$AA?5?$AAu?$AAn?$AAa?$AAb?$AAl?$AAe?$AA?5?$AAt?$AAo?$AA?5?$AAi?$AAn?$AAi?$AAt?$AAi?$AAa?$AAl?$AAi?$AAz?$AAe?$AA?5?$AAh?$AAe@ 0000000180017070     LIBCMT:crt0msg.obj
 0002:000020c0       ??_C@_1DO@BMFCDCD@?$AAR?$AA6?$AA0?$AA3?$AA0?$AA?$AN?$AA?6?$AA?9?$AA?5?$AAC?$AAR?$AAT?$AA?5?$AAn?$AAo?$AAt?$AA?5?$AAi?$AAn?$AAi?$AAt?$AAi?$AAa?$AAl?$AAi?$AAz?$AAe?$AAd?$AA?$AN?$AA?6?$AA?$AA@ 00000001800170c0     LIBCMT:crt0msg.obj
 0002:00002100       ??_C@_1MG@ENCOOIDF@?$AAR?$AA6?$AA0?$AA3?$AA1?$AA?$AN?$AA?6?$AA?9?$AA?5?$AAA?$AAt?$AAt?$AAe?$AAm?$AAp?$AAt?$AA?5?$AAt?$AAo?$AA?5?$AAi?$AAn?$AAi?$AAt?$AAi?$AAa?$AAl?$AAi?$AAz?$AAe?$AA?5?$AAt@ 0000000180017100     LIBCMT:crt0msg.obj
 0002:000021d0       ??_C@_1GG@GOPILAJP@?$AAR?$AA6?$AA0?$AA3?$AA2?$AA?$AN?$AA?6?$AA?9?$AA?5?$AAn?$AAo?$AAt?$AA?5?$AAe?$AAn?$AAo?$AAu?$AAg?$AAh?$AA?5?$AAs?$AAp?$AAa?$AAc?$AAe?$AA?5?$AAf?$AAo?$AAr?$AA?5?$AAl?$AAo@ 00000001800171d0     LIBCMT:crt0msg.obj
 0002:00002240       ??_C@_1BOO@KGEDBGAJ@?$AAR?$AA6?$AA0?$AA3?$AA3?$AA?$AN?$AA?6?$AA?9?$AA?5?$AAA?$AAt?$AAt?$AAe?$AAm?$AAp?$AAt?$AA?5?$AAt?$AAo?$AA?5?$AAu?$AAs?$AAe?$AA?5?$AAM?$AAS?$AAI?$AAL?$AA?5?$AAc?$AAo?$AAd@ 0000000180017240     LIBCMT:crt0msg.obj
 0002:00002430       ??_C@_1GG@MKFPEKFO@?$AAR?$AA6?$AA0?$AA3?$AA4?$AA?$AN?$AA?6?$AA?9?$AA?5?$AAi?$AAn?$AAc?$AAo?$AAn?$AAs?$AAi?$AAs?$AAt?$AAe?$AAn?$AAt?$AA?5?$AAo?$AAn?$AAe?$AAx?$AAi?$AAt?$AA?5?$AAb?$AAe?$AAg@ 0000000180017430     LIBCMT:crt0msg.obj
 0002:00002498       ??_C@_1BO@BFCDCGC@?$AAD?$AAO?$AAM?$AAA?$AAI?$AAN?$AA?5?$AAe?$AAr?$AAr?$AAo?$AAr?$AA?$AN?$AA?6?$AA?$AA@ 0000000180017498     LIBCMT:crt0msg.obj
 0002:000024b8       ??_C@_1BK@KMOMNAAI@?$AAS?$AAI?$AAN?$AAG?$AA?5?$AAe?$AAr?$AAr?$AAo?$AAr?$AA?$AN?$AA?6?$AA?$AA@ 00000001800174b8     LIBCMT:crt0msg.obj
 0002:000024d8       ??_C@_1BM@JBBEPPHI@?$AAT?$AAL?$AAO?$AAS?$AAS?$AA?5?$AAe?$AAr?$AAr?$AAo?$AAr?$AA?$AN?$AA?6?$AA?$AA@ 00000001800174d8     LIBCMT:crt0msg.obj
 0002:000024f4       ??_C@_15JNBOKNOG@?$AA?$AN?$AA?6?$AA?$AA@ 00000001800174f4     LIBCMT:crt0msg.obj
 0002:00002500       ??_C@_1BO@BKOMIGKJ@?$AAr?$AAu?$AAn?$AAt?$AAi?$AAm?$AAe?$AA?5?$AAe?$AAr?$AAr?$AAo?$AAr?$AA?5?$AA?$AA@ 0000000180017500     LIBCMT:crt0msg.obj
 0002:00002520       ??_C@_1DE@JNGNBFGO@?$AAR?$AAu?$AAn?$AAt?$AAi?$AAm?$AAe?$AA?5?$AAE?$AAr?$AAr?$AAo?$AAr?$AA?$CB?$AA?6?$AA?6?$AAP?$AAr?$AAo?$AAg?$AAr?$AAa?$AAm?$AA?3?$AA?5?$AA?$AA@ 0000000180017520     LIBCMT:crt0msg.obj
 0002:00002558       ??_C@_1BG@GOEBHBDC@?$AAU?$AAS?$AAE?$AAR?$AA3?$AA2?$AA?4?$AAD?$AAL?$AAL?$AA?$AA@ 0000000180017558     LIBCMT:crtmboxw.obj
 0002:00002570       ??_C@_0M@DLDCCGNP@MessageBoxW?$AA@ 0000000180017570     LIBCMT:crtmboxw.obj
 0002:00002580       ??_C@_0BA@HNOPNCHB@GetActiveWindow?$AA@ 0000000180017580     LIBCMT:crtmboxw.obj
 0002:00002590       ??_C@_0BD@HHGDFDBJ@GetLastActivePopup?$AA@ 0000000180017590     LIBCMT:crtmboxw.obj
 0002:000025a8       ??_C@_0BK@DEKFELLI@GetUserObjectInformationW?$AA@ 00000001800175a8     LIBCMT:crtmboxw.obj
 0002:000025c8       ??_C@_0BI@DFKBFLJE@GetProcessWindowStation?$AA@ 00000001800175c8     LIBCMT:crtmboxw.obj
 0002:00002600       ??_C@_1M@HPNHIDJI@?$AAj?$AAa?$AA?9?$AAJ?$AAP?$AA?$AA@ 0000000180017600     LIBCMT:mbctype.obj
 0002:00002610       ??_C@_1M@BIBDDEMK@?$AAz?$AAh?$AA?9?$AAC?$AAN?$AA?$AA@ 0000000180017610     LIBCMT:mbctype.obj
 0002:00002620       ??_C@_1M@JLOOOEGK@?$AAk?$AAo?$AA?9?$AAK?$AAR?$AA?$AA@ 0000000180017620     LIBCMT:mbctype.obj
 0002:00002630       ??_C@_1M@CLNBBOPM@?$AAz?$AAh?$AA?9?$AAT?$AAW?$AA?$AA@ 0000000180017630     LIBCMT:mbctype.obj
 0002:0000263c       ??_C@_03KOEHGMDN@Sun?$AA@  000000018001763c     LIBCMT:nlsdata.obj
 0002:00002640       ??_C@_03PDAGKDH@Mon?$AA@   0000000180017640     LIBCMT:nlsdata.obj
 0002:00002644       ??_C@_03NAGEINEP@Tue?$AA@  0000000180017644     LIBCMT:nlsdata.obj
 0002:00002648       ??_C@_03MHOMLAJA@Wed?$AA@  0000000180017648     LIBCMT:nlsdata.obj
 0002:0000264c       ??_C@_03IOFIKPDN@Thu?$AA@  000000018001764c     LIBCMT:nlsdata.obj
 0002:00002650       ??_C@_03IDIOELNC@Fri?$AA@  0000000180017650     LIBCMT:nlsdata.obj
 0002:00002654       ??_C@_03FEFJNEK@Sat?$AA@   0000000180017654     LIBCMT:nlsdata.obj
 0002:00002658       ??_C@_06OOPIFAJ@Sunday?$AA@ 0000000180017658     LIBCMT:nlsdata.obj
 0002:00002660       ??_C@_06JLEDEDGH@Monday?$AA@ 0000000180017660     LIBCMT:nlsdata.obj
 0002:00002668       ??_C@_07BAAGCFCM@Tuesday?$AA@ 0000000180017668     LIBCMT:nlsdata.obj
 0002:00002670       ??_C@_09DLIGFAKA@Wednesday?$AA@ 0000000180017670     LIBCMT:nlsdata.obj
 0002:00002680       ??_C@_08HACCIKIA@Thursday?$AA@ 0000000180017680     LIBCMT:nlsdata.obj
 0002:0000268c       ??_C@_06JECMNKMI@Friday?$AA@ 000000018001768c     LIBCMT:nlsdata.obj
 0002:00002698       ??_C@_08INBOOONO@Saturday?$AA@ 0000000180017698     LIBCMT:nlsdata.obj
 0002:000026a4       ??_C@_03JIHJHPIE@Jan?$AA@  00000001800176a4     LIBCMT:nlsdata.obj
 0002:000026a8       ??_C@_03HJBDCHOM@Feb?$AA@  00000001800176a8     LIBCMT:nlsdata.obj
 0002:000026ac       ??_C@_03ODNJBKGA@Mar?$AA@  00000001800176ac     LIBCMT:nlsdata.obj
 0002:000026b0       ??_C@_03LEOLGMJP@Apr?$AA@  00000001800176b0     LIBCMT:nlsdata.obj
 0002:000026b4       ??_C@_03CNMDKL@May?$AA@    00000001800176b4     LIBCMT:nlsdata.obj
 0002:000026b8       ??_C@_03IDFGHECI@Jun?$AA@  00000001800176b8     LIBCMT:nlsdata.obj
 0002:000026bc       ??_C@_03LBGABGKK@Jul?$AA@  00000001800176bc     LIBCMT:nlsdata.obj
 0002:000026c0       ??_C@_03IFJFEIGA@Aug?$AA@  00000001800176c0     LIBCMT:nlsdata.obj
 0002:000026c4       ??_C@_03GGCAPAJC@Sep?$AA@  00000001800176c4     LIBCMT:nlsdata.obj
 0002:000026c8       ??_C@_03BMAOKBAD@Oct?$AA@  00000001800176c8     LIBCMT:nlsdata.obj
 0002:000026cc       ??_C@_03JPJOFNIA@Nov?$AA@  00000001800176cc     LIBCMT:nlsdata.obj
 0002:000026d0       ??_C@_03MKABNOCG@Dec?$AA@  00000001800176d0     LIBCMT:nlsdata.obj
 0002:000026d8       ??_C@_07CGJPFGJA@January?$AA@ 00000001800176d8     LIBCMT:nlsdata.obj
 0002:000026e0       ??_C@_08GNJGEPFN@February?$AA@ 00000001800176e0     LIBCMT:nlsdata.obj
 0002:000026ec       ??_C@_05HPCKOFNC@March?$AA@ 00000001800176ec     LIBCMT:nlsdata.obj
 0002:000026f4       ??_C@_05DMJDNLEJ@April?$AA@ 00000001800176f4     LIBCMT:nlsdata.obj
 0002:000026fc       ??_C@_04CNLMGBGM@June?$AA@ 00000001800176fc     LIBCMT:nlsdata.obj
 0002:00002704       ??_C@_04MIEPOIFP@July?$AA@ 0000000180017704     LIBCMT:nlsdata.obj
 0002:0000270c       ??_C@_06LBBHFDDG@August?$AA@ 000000018001770c     LIBCMT:nlsdata.obj
 0002:00002718       ??_C@_09BHHEALKD@September?$AA@ 0000000180017718     LIBCMT:nlsdata.obj
 0002:00002728       ??_C@_07JJNFCEND@October?$AA@ 0000000180017728     LIBCMT:nlsdata.obj
 0002:00002730       ??_C@_08HCHEGEOA@November?$AA@ 0000000180017730     LIBCMT:nlsdata.obj
 0002:00002740       ??_C@_08EDHMEBNP@December?$AA@ 0000000180017740     LIBCMT:nlsdata.obj
 0002:0000274c       ??_C@_02DEDBPAFC@AM?$AA@   000000018001774c     LIBCMT:nlsdata.obj
 0002:00002750       ??_C@_02CJNFDJBF@PM?$AA@   0000000180017750     LIBCMT:nlsdata.obj
 0002:00002758       ??_C@_08BPBNCDIB@MM?1dd?1yy?$AA@ 0000000180017758     LIBCMT:nlsdata.obj
 0002:00002768       ??_C@_0BE@CKGJFCPC@dddd?0?5MMMM?5dd?0?5yyyy?$AA@ 0000000180017768     LIBCMT:nlsdata.obj
 0002:00002780       ??_C@_08JCCMCCIL@HH?3mm?3ss?$AA@ 0000000180017780     LIBCMT:nlsdata.obj
 0002:00002790       ??_C@_17MBGCMIPB@?$AAS?$AAu?$AAn?$AA?$AA@ 0000000180017790     LIBCMT:nlsdata.obj
 0002:00002798       ??_C@_17KBOMKBF@?$AAM?$AAo?$AAn?$AA?$AA@ 0000000180017798     LIBCMT:nlsdata.obj
 0002:000027a0       ??_C@_17BMKGEGOJ@?$AAT?$AAu?$AAe?$AA?$AA@ 00000001800177a0     LIBCMT:nlsdata.obj
 0002:000027a8       ??_C@_17CJEDCEPE@?$AAW?$AAe?$AAd?$AA?$AA@ 00000001800177a8     LIBCMT:nlsdata.obj
 0002:000027b0       ??_C@_17PDPHAADD@?$AAT?$AAh?$AAu?$AA?$AA@ 00000001800177b0     LIBCMT:nlsdata.obj
 0002:000027b8       ??_C@_17HFOLPPLP@?$AAF?$AAr?$AAi?$AA?$AA@ 00000001800177b8     LIBCMT:nlsdata.obj
 0002:000027c0       ??_C@_17GGIBDPIH@?$AAS?$AAa?$AAt?$AA?$AA@ 00000001800177c0     LIBCMT:nlsdata.obj
 0002:000027c8       ??_C@_1O@IHNHDHPB@?$AAS?$AAu?$AAn?$AAd?$AAa?$AAy?$AA?$AA@ 00000001800177c8     LIBCMT:nlsdata.obj
 0002:000027d8       ??_C@_1O@MMNBFLIA@?$AAM?$AAo?$AAn?$AAd?$AAa?$AAy?$AA?$AA@ 00000001800177d8     LIBCMT:nlsdata.obj
 0002:000027e8       ??_C@_1BA@ENFBFFEK@?$AAT?$AAu?$AAe?$AAs?$AAd?$AAa?$AAy?$AA?$AA@ 00000001800177e8     LIBCMT:nlsdata.obj
 0002:000027f8       ??_C@_1BE@EBOGMDOH@?$AAW?$AAe?$AAd?$AAn?$AAe?$AAs?$AAd?$AAa?$AAy?$AA?$AA@ 00000001800177f8     LIBCMT:nlsdata.obj
 0002:00002810       ??_C@_1BC@HHMNLIHE@?$AAT?$AAh?$AAu?$AAr?$AAs?$AAd?$AAa?$AAy?$AA?$AA@ 0000000180017810     LIBCMT:nlsdata.obj
 0002:00002828       ??_C@_1O@PDICJHAG@?$AAF?$AAr?$AAi?$AAd?$AAa?$AAy?$AA?$AA@ 0000000180017828     LIBCMT:nlsdata.obj
 0002:00002838       ??_C@_1BC@ENMNNPAJ@?$AAS?$AAa?$AAt?$AAu?$AAr?$AAd?$AAa?$AAy?$AA?$AA@ 0000000180017838     LIBCMT:nlsdata.obj
 0002:00002850       ??_C@_17DKNBKCHM@?$AAJ?$AAa?$AAn?$AA?$AA@ 0000000180017850     LIBCMT:nlsdata.obj
 0002:00002858       ??_C@_17LMDJEKJN@?$AAF?$AAe?$AAb?$AA?$AA@ 0000000180017858     LIBCMT:nlsdata.obj
 0002:00002860       ??_C@_17CKNLEDEC@?$AAM?$AAa?$AAr?$AA?$AA@ 0000000180017860     LIBCMT:nlsdata.obj
 0002:00002868       ??_C@_17LFPOIHDD@?$AAA?$AAp?$AAr?$AA?$AA@ 0000000180017868     LIBCMT:nlsdata.obj
 0002:00002870       ??_C@_17PNNKMEED@?$AAM?$AAa?$AAy?$AA?$AA@ 0000000180017870     LIBCMT:nlsdata.obj
 0002:00002878       ??_C@_17KCJGOCPB@?$AAJ?$AAu?$AAn?$AA?$AA@ 0000000180017878     LIBCMT:nlsdata.obj
 0002:00002880       ??_C@_17IJPCKHK@?$AAJ?$AAu?$AAl?$AA?$AA@ 0000000180017880     LIBCMT:nlsdata.obj
 0002:00002888       ??_C@_17ICPELBCN@?$AAA?$AAu?$AAg?$AA?$AA@ 0000000180017888     LIBCMT:nlsdata.obj
 0002:00002890       ??_C@_17HCHCOKMG@?$AAS?$AAe?$AAp?$AA?$AA@ 0000000180017890     LIBCMT:nlsdata.obj
 0002:00002898       ??_C@_17FNLKOI@?$AAO?$AAc?$AAt?$AA?$AA@ 0000000180017898     LIBCMT:nlsdata.obj
 0002:000028a0       ??_C@_17BBDMLCIG@?$AAN?$AAo?$AAv?$AA?$AA@ 00000001800178a0     LIBCMT:nlsdata.obj
 0002:000028a8       ??_C@_17EGKACKIF@?$AAD?$AAe?$AAc?$AA?$AA@ 00000001800178a8     LIBCMT:nlsdata.obj
 0002:000028b0       ??_C@_1BA@EFMEIEBA@?$AAJ?$AAa?$AAn?$AAu?$AAa?$AAr?$AAy?$AA?$AA@ 00000001800178b0     LIBCMT:nlsdata.obj
 0002:000028c0       ??_C@_1BC@JGDDFFAM@?$AAF?$AAe?$AAb?$AAr?$AAu?$AAa?$AAr?$AAy?$AA?$AA@ 00000001800178c0     LIBCMT:nlsdata.obj
 0002:000028d8       ??_C@_1M@IKEENEDF@?$AAM?$AAa?$AAr?$AAc?$AAh?$AA?$AA@ 00000001800178d8     LIBCMT:nlsdata.obj
 0002:000028e8       ??_C@_1M@GJNLMHFD@?$AAA?$AAp?$AAr?$AAi?$AAl?$AA?$AA@ 00000001800178e8     LIBCMT:nlsdata.obj
 0002:000028f8       ??_C@_19EPFLPGAP@?$AAJ?$AAu?$AAn?$AAe?$AA?$AA@ 00000001800178f8     LIBCMT:nlsdata.obj
 0002:00002908       ??_C@_19BIFMLPCD@?$AAJ?$AAu?$AAl?$AAy?$AA?$AA@ 0000000180017908     LIBCMT:nlsdata.obj
 0002:00002918       ??_C@_1O@PAHLKOAC@?$AAA?$AAu?$AAg?$AAu?$AAs?$AAt?$AA?$AA@ 0000000180017918     LIBCMT:nlsdata.obj
 0002:00002928       ??_C@_1BE@DKAAMBJL@?$AAS?$AAe?$AAp?$AAt?$AAe?$AAm?$AAb?$AAe?$AAr?$AA?$AA@ 0000000180017928     LIBCMT:nlsdata.obj
 0002:00002940       ??_C@_1BA@EPANDLNG@?$AAO?$AAc?$AAt?$AAo?$AAb?$AAe?$AAr?$AA?$AA@ 0000000180017940     LIBCMT:nlsdata.obj
 0002:00002950       ??_C@_1BC@BGLIFPF@?$AAN?$AAo?$AAv?$AAe?$AAm?$AAb?$AAe?$AAr?$AA?$AA@ 0000000180017950     LIBCMT:nlsdata.obj
 0002:00002968       ??_C@_1BC@FEMKIFH@?$AAD?$AAe?$AAc?$AAe?$AAm?$AAb?$AAe?$AAr?$AA?$AA@ 0000000180017968     LIBCMT:nlsdata.obj
 0002:0000297c       ??_C@_15ODEHAHHF@?$AAA?$AAM?$AA?$AA@ 000000018001797c     LIBCMT:nlsdata.obj
 0002:00002984       ??_C@_15CLMNNGEL@?$AAP?$AAM?$AA?$AA@ 0000000180017984     LIBCMT:nlsdata.obj
 0002:00002990       ??_C@_1BC@IEBCMHCM@?$AAM?$AAM?$AA?1?$AAd?$AAd?$AA?1?$AAy?$AAy?$AA?$AA@ 0000000180017990     LIBCMT:nlsdata.obj
 0002:000029a8       ??_C@_1CI@KNAKOEBC@?$AAd?$AAd?$AAd?$AAd?$AA?0?$AA?5?$AAM?$AAM?$AAM?$AAM?$AA?5?$AAd?$AAd?$AA?0?$AA?5?$AAy?$AAy?$AAy?$AAy?$AA?$AA@ 00000001800179a8     LIBCMT:nlsdata.obj
 0002:000029d0       ??_C@_1BC@GDGBMEMK@?$AAH?$AAH?$AA?3?$AAm?$AAm?$AA?3?$AAs?$AAs?$AA?$AA@ 00000001800179d0     LIBCMT:nlsdata.obj
 0002:000029e8       ??_C@_1M@BMHNFIME@?$AAe?$AAn?$AA?9?$AAU?$AAS?$AA?$AA@ 00000001800179e8     LIBCMT:nlsdata.obj
 0002:00002a80       ??_C@_06OJHGLDPL@?$CInull?$CJ?$AA@ 0000000180017a80     LIBCMT:output.obj
 0002:00002a88       ??_C@_1O@CEDCILHN@?$AA?$CI?$AAn?$AAu?$AAl?$AAl?$AA?$CJ?$AA?$AA@ 0000000180017a88     LIBCMT:output.obj
 0002:00002aa0       __lookuptable              0000000180017aa0     LIBCMT:output.obj
 0002:00002b00       ??_C@_1BK@MGMFAEKH@?$AAk?$AAe?$AAr?$AAn?$AAe?$AAl?$AA3?$AA2?$AA?4?$AAd?$AAl?$AAl?$AA?$AA@ 0000000180017b00     LIBCMT:winapisupp.obj
 0002:00002b20       ??_C@_08KNHFBNJ@FlsAlloc?$AA@ 0000000180017b20     LIBCMT:winapisupp.obj
 0002:00002b30       ??_C@_07PEJMOBNF@FlsFree?$AA@ 0000000180017b30     LIBCMT:winapisupp.obj
 0002:00002b38       ??_C@_0M@GDNOONDI@FlsGetValue?$AA@ 0000000180017b38     LIBCMT:winapisupp.obj
 0002:00002b48       ??_C@_0M@JCPCPOEF@FlsSetValue?$AA@ 0000000180017b48     LIBCMT:winapisupp.obj
 0002:00002b58       ??_C@_0BM@HCFOFFN@InitializeCriticalSectionEx?$AA@ 0000000180017b58     LIBCMT:winapisupp.obj
 0002:00002b78       ??_C@_0P@DLHPPCNH@CreateEventExW?$AA@ 0000000180017b78     LIBCMT:winapisupp.obj
 0002:00002b88       ??_C@_0BD@KIEEOEEH@CreateSemaphoreExW?$AA@ 0000000180017b88     LIBCMT:winapisupp.obj
 0002:00002ba0       ??_C@_0BI@BKLFFAPO@SetThreadStackGuarantee?$AA@ 0000000180017ba0     LIBCMT:winapisupp.obj
 0002:00002bb8       ??_C@_0BG@OGFAJCKC@CreateThreadpoolTimer?$AA@ 0000000180017bb8     LIBCMT:winapisupp.obj
 0002:00002bd0       ??_C@_0BD@LPLEMMDI@SetThreadpoolTimer?$AA@ 0000000180017bd0     LIBCMT:winapisupp.obj
 0002:00002be8       ??_C@_0CA@FMNJENH@WaitForThreadpoolTimerCallbacks?$AA@ 0000000180017be8     LIBCMT:winapisupp.obj
 0002:00002c08       ??_C@_0BF@DCFCCNOC@CloseThreadpoolTimer?$AA@ 0000000180017c08     LIBCMT:winapisupp.obj
 0002:00002c20       ??_C@_0BF@FLABGKKM@CreateThreadpoolWait?$AA@ 0000000180017c20     LIBCMT:winapisupp.obj
 0002:00002c38       ??_C@_0BC@MGCOHNA@SetThreadpoolWait?$AA@ 0000000180017c38     LIBCMT:winapisupp.obj
 0002:00002c50       ??_C@_0BE@OCIOMIMP@CloseThreadpoolWait?$AA@ 0000000180017c50     LIBCMT:winapisupp.obj
 0002:00002c68       ??_C@_0BJ@LKGHFHBO@FlushProcessWriteBuffers?$AA@ 0000000180017c68     LIBCMT:winapisupp.obj
 0002:00002c88       ??_C@_0BP@KALKKPMO@FreeLibraryWhenCallbackReturns?$AA@ 0000000180017c88     LIBCMT:winapisupp.obj
 0002:00002ca8       ??_C@_0BK@DFNBACLA@GetCurrentProcessorNumber?$AA@ 0000000180017ca8     LIBCMT:winapisupp.obj
 0002:00002cc8       ??_C@_0BP@KHGALBC@GetLogicalProcessorInformation?$AA@ 0000000180017cc8     LIBCMT:winapisupp.obj
 0002:00002ce8       ??_C@_0BE@FKKLLFLM@CreateSymbolicLinkW?$AA@ 0000000180017ce8     LIBCMT:winapisupp.obj
 0002:00002d00       ??_C@_0BJ@OHNKDLIJ@SetDefaultDllDirectories?$AA@ 0000000180017d00     LIBCMT:winapisupp.obj
 0002:00002d20       ??_C@_0BE@LJANKFHF@EnumSystemLocalesEx?$AA@ 0000000180017d20     LIBCMT:winapisupp.obj
 0002:00002d38       ??_C@_0BA@IHGNDAEB@CompareStringEx?$AA@ 0000000180017d38     LIBCMT:winapisupp.obj
 0002:00002d48       ??_C@_0BA@EPCJIIPD@GetDateFormatEx?$AA@ 0000000180017d48     LIBCMT:winapisupp.obj
 0002:00002d58       ??_C@_0BA@ONOKGCMP@GetLocaleInfoEx?$AA@ 0000000180017d58     LIBCMT:winapisupp.obj
 0002:00002d68       ??_C@_0BA@CIJJKCJJ@GetTimeFormatEx?$AA@ 0000000180017d68     LIBCMT:winapisupp.obj
 0002:00002d78       ??_C@_0BJ@PBCCBIPI@GetUserDefaultLocaleName?$AA@ 0000000180017d78     LIBCMT:winapisupp.obj
 0002:00002d98       ??_C@_0BC@CELBKLLA@IsValidLocaleName?$AA@ 0000000180017d98     LIBCMT:winapisupp.obj
 0002:00002db0       ??_C@_0O@KKBNKAPF@LCMapStringEx?$AA@ 0000000180017db0     LIBCMT:winapisupp.obj
 0002:00002dc0       ??_C@_0BE@JOGNEJCI@GetCurrentPackageId?$AA@ 0000000180017dc0     LIBCMT:winapisupp.obj
 0002:00002dd8       ??_C@_0P@CDHHOHKP@GetTickCount64?$AA@ 0000000180017dd8     LIBCMT:winapisupp.obj
 0002:00002de8       ??_C@_0BO@KPCLFDJJ@GetFileInformationByHandleExW?$AA@ 0000000180017de8     LIBCMT:winapisupp.obj
 0002:00002e08       ??_C@_0BM@MHIDLABK@SetFileInformationByHandleW?$AA@ 0000000180017e08     LIBCMT:winapisupp.obj
 0002:00002e30       _XcptActTab                0000000180017e30     LIBCMT:winxfltr.obj
 0002:00002ef0       _XcptActTabCount           0000000180017ef0     LIBCMT:winxfltr.obj
 0002:00002ef4       _XcptActTabSize            0000000180017ef4     LIBCMT:winxfltr.obj
 0002:00002ef8       _First_FPE_Indx            0000000180017ef8     LIBCMT:winxfltr.obj
 0002:00002efc       _Num_FPE                   0000000180017efc     LIBCMT:winxfltr.obj
 0002:00002f00       _pDestructExceptionObject  0000000180017f00     LIBCMT:frame.obj
 0002:00002f08       ??_C@_05KLBDPFGC@e?$CL000?$AA@ 0000000180017f08     LIBCMT:cvt.obj
 0002:00002f10       __real@0000000000000000    0000000180017f10     LIBCMT:cvt.obj
 0002:00002f20       LcidToLocaleNameTable      0000000180017f20     LIBCMT:winapinls.obj
 0002:00003d60       LocaleNameToIndexTable     0000000180018d60     LIBCMT:winapinls.obj
 0002:00004ba0       ??_C@_15EMKDOKLE@?$AAa?$AAr?$AA?$AA@ 0000000180019ba0     LIBCMT:winapinls.obj
 0002:00004ba8       ??_C@_15KNPADPLH@?$AAb?$AAg?$AA?$AA@ 0000000180019ba8     LIBCMT:winapinls.obj
 0002:00004bb0       ??_C@_15EDMHLDMO@?$AAc?$AAa?$AA?$AA@ 0000000180019bb0     LIBCMT:winapinls.obj
 0002:00004bb8       ??_C@_1O@BPEAJADD@?$AAz?$AAh?$AA?9?$AAC?$AAH?$AAS?$AA?$AA@ 0000000180019bb8     LIBCMT:winapinls.obj
 0002:00004bc8       ??_C@_15LJNHCMNK@?$AAc?$AAs?$AA?$AA@ 0000000180019bc8     LIBCMT:winapinls.obj
 0002:00004bd0       ??_C@_15FOMCIDHG@?$AAd?$AAa?$AA?$AA@ 0000000180019bd0     LIBCMT:winapinls.obj
 0002:00004bd8       ??_C@_15NBKABECB@?$AAd?$AAe?$AA?$AA@ 0000000180019bd8     LIBCMT:winapinls.obj
 0002:00004be0       ??_C@_15GHPEIIAO@?$AAe?$AAl?$AA?$AA@ 0000000180019be0     LIBCMT:winapinls.obj
 0002:00004be8       ??_C@_15MNPNEAIF@?$AAe?$AAn?$AA?$AA@ 0000000180019be8     LIBCMT:winapinls.obj
 0002:00004bf0       ??_C@_15GPIOMPMH@?$AAe?$AAs?$AA?$AA@ 0000000180019bf0     LIBCMT:winapinls.obj
 0002:00004bf8       ??_C@_15NGLOAKJC@?$AAf?$AAi?$AA?$AA@ 0000000180019bf8     LIBCMT:winapinls.obj
 0002:00004c00       ??_C@_15FBKGNKAM@?$AAf?$AAr?$AA?$AA@ 0000000180019c00     LIBCMT:winapinls.obj
 0002:00004c08       ??_C@_15KGGCNEFK@?$AAh?$AAe?$AA?$AA@ 0000000180019c08     LIBCMT:winapinls.obj
 0002:00004c10       ??_C@_15PGHLIDMF@?$AAh?$AAu?$AA?$AA@ 0000000180019c10     LIBCMT:winapinls.obj
 0002:00004c18       ??_C@_15BIEMAPLM@?$AAi?$AAs?$AA?$AA@ 0000000180019c18     LIBCMT:winapinls.obj
 0002:00004c20       ??_C@_15IFJLDHAF@?$AAi?$AAt?$AA?$AA@ 0000000180019c20     LIBCMT:winapinls.obj
 0002:00004c28       ??_C@_15GEMIOCAG@?$AAj?$AAa?$AA?$AA@ 0000000180019c28     LIBCMT:winapinls.obj
 0002:00004c30       ??_C@_15EPELEGJA@?$AAk?$AAo?$AA?$AA@ 0000000180019c30     LIBCMT:winapinls.obj
 0002:00004c38       ??_C@_15NDDHIMN@?$AAn?$AAl?$AA?$AA@ 0000000180019c38     LIBCMT:winapinls.obj
 0002:00004c40       ??_C@_15BPIGNHCD@?$AAn?$AAo?$AA?$AA@ 0000000180019c40     LIBCMT:winapinls.obj
 0002:00004c48       ??_C@_15DEOPBLCG@?$AAp?$AAl?$AA?$AA@ 0000000180019c48     LIBCMT:winapinls.obj
 0002:00004c50       ??_C@_15KBECGEFG@?$AAp?$AAt?$AA?$AA@ 0000000180019c50     LIBCMT:winapinls.obj
 0002:00004c58       ??_C@_15GLJCBFMD@?$AAr?$AAo?$AA?$AA@ 0000000180019c58     LIBCMT:winapinls.obj
 0002:00004c60       ??_C@_15FEDGKCDI@?$AAr?$AAu?$AA?$AA@ 0000000180019c60     LIBCMT:winapinls.obj
 0002:00004c68       ??_C@_15GLKMLLHM@?$AAh?$AAr?$AA?$AA@ 0000000180019c68     LIBCMT:winapinls.obj
 0002:00004c70       ??_C@_15CPKMFBDB@?$AAs?$AAk?$AA?$AA@ 0000000180019c70     LIBCMT:winapinls.obj
 0002:00004c78       ??_C@_15BAAIOGMK@?$AAs?$AAq?$AA?$AA@ 0000000180019c78     LIBCMT:winapinls.obj
 0002:00004c80       ??_C@_15INNPNOHD@?$AAs?$AAv?$AA?$AA@ 0000000180019c80     LIBCMT:winapinls.obj
 0002:00004c88       ??_C@_15CABMMOGH@?$AAt?$AAh?$AA?$AA@ 0000000180019c88     LIBCMT:winapinls.obj
 0002:00004c90       ??_C@_15BPLIHJJM@?$AAt?$AAr?$AA?$AA@ 0000000180019c90     LIBCMT:winapinls.obj
 0002:00004c98       ??_C@_15NEOEKKDJ@?$AAu?$AAr?$AA?$AA@ 0000000180019c98     LIBCMT:winapinls.obj
 0002:00004ca0       ??_C@_15NFICGAJK@?$AAi?$AAd?$AA?$AA@ 0000000180019ca0     LIBCMT:winapinls.obj
 0002:00004ca8       ??_C@_15PJPFLCCM@?$AAu?$AAk?$AA?$AA@ 0000000180019ca8     LIBCMT:winapinls.obj
 0002:00004cb0       ??_C@_15HPJPHDM@?$AAb?$AAe?$AA?$AA@ 0000000180019cb0     LIBCMT:winapinls.obj
 0002:00004cb8       ??_C@_15LCHLGJII@?$AAs?$AAl?$AA?$AA@ 0000000180019cb8     LIBCMT:winapinls.obj
 0002:00004cc0       ??_C@_15PCFJPHHO@?$AAe?$AAt?$AA?$AA@ 0000000180019cc0     LIBCMT:winapinls.obj
 0002:00004cc8       ??_C@_15HPFPGODN@?$AAl?$AAv?$AA?$AA@ 0000000180019cc8     LIBCMT:winapinls.obj
[...]
 0004:00000384       $pdata$isupper             0000000180025384     LIBCMT:_ctype.obj
 0004:00000390       $pdata$sprintf             0000000180025390     LIBCMT:sprintf.obj
 0004:0000039c       $pdata$strchr              000000018002539c     LIBCMT:strchr.obj
 0004:000003a8       $pdata$__raise_securityfailure 00000001800253a8     LIBCMT:gs_report.obj
 0004:000003b4       $pdata$__report_gsfailure  00000001800253b4     LIBCMT:gs_report.obj
 0004:000003c0       $pdata$__report_rangecheckfailure 00000001800253c0     LIBCMT:gs_report.obj
 0004:000003cc       $pdata$__report_securityfailure 00000001800253cc     LIBCMT:gs_report.obj
 0004:000003d8       $pdata$_CRT_INIT           00000001800253d8     LIBCMT:dllcrt0.obj
 0004:000003e4       $pdata$_DllMainCRTStartup  00000001800253e4     LIBCMT:dllcrt0.obj
 0004:000003f0       $pdata$__DllMainCRTStartup 00000001800253f0     LIBCMT:dllcrt0.obj
 0004:00000408       $pdata$__isa_available_init 0000000180025408     LIBCMT:cpu_disp.obj
 0004:00000414       $pdata$__doserrno          0000000180025414     LIBCMT:dosmap.obj
 0004:00000420       $pdata$_dosmaperr          0000000180025420     LIBCMT:dosmap.obj
 0004:0000042c       $pdata$_errno              000000018002542c     LIBCMT:dosmap.obj
 0004:00000438       $pdata$_heap_init          0000000180025438     LIBCMT:heapinit.obj
 0004:00000444       $pdata$_callnewh           0000000180025444     LIBCMT:handler.obj
 0004:00000450       $pdata$__crtCorExitProcess 0000000180025450     LIBCMT:crt0dat.obj
 0004:0000045c       $pdata$__crtExitProcess    000000018002545c     LIBCMT:crt0dat.obj
 0004:00000468       $pdata$__freeCrtMemory     0000000180025468     LIBCMT:crt0dat.obj
 0004:00000474       $pdata$_amsg_exit          0000000180025474     LIBCMT:crt0dat.obj
 0004:00000480       $pdata$_cinit              0000000180025480     LIBCMT:crt0dat.obj
 0004:0000048c       $pdata$_init_pointers      000000018002548c     LIBCMT:crt0dat.obj
 0004:00000498       $pdata$_initterm           0000000180025498     LIBCMT:crt0dat.obj
 0004:000004a4       $pdata$_initterm_e         00000001800254a4     LIBCMT:crt0dat.obj
 0004:000004b0       $pdata$doexit              00000001800254b0     LIBCMT:crt0dat.obj
 0004:000004bc       $pdata$_FF_MSGBANNER       00000001800254bc     LIBCMT:crt0msg.obj
 0004:000004c8       $pdata$_NMSG_WRITE         00000001800254c8     LIBCMT:crt0msg.obj
 0004:000004d4       $pdata$_call_reportfault   00000001800254d4     LIBCMT:invarg.obj
 0004:000004e0       $pdata$_invalid_parameter  00000001800254e0     LIBCMT:invarg.obj
 0004:000004ec       $pdata$_invalid_parameter_noinfo 00000001800254ec     LIBCMT:invarg.obj
 0004:000004f8       $pdata$_invoke_watson      00000001800254f8     LIBCMT:invarg.obj
 0004:00000504       $pdata$memcpy_s            0000000180025504     LIBCMT:memcpy_s.obj
 0004:00000510       $pdata$wcscat_s            0000000180025510     LIBCMT:wcscat_s.obj
 0004:0000051c       $pdata$wcscpy_s            000000018002551c     LIBCMT:wcscpy_s.obj
 0004:00000528       $pdata$wcsncat_s           0000000180025528     LIBCMT:wcsncat_s.obj
 0004:00000534       $pdata$abort               0000000180025534     LIBCMT:abort.obj
 0004:00000540       $pdata$_set_error_mode     0000000180025540     LIBCMT:errmode.obj
 0004:0000054c       $pdata$_itow_s             000000018002554c     LIBCMT:xtows.obj
 0004:00000558       $pdata$xtow_s              0000000180025558     LIBCMT:xtows.obj
 0004:00000564       $pdata$__initstdio         0000000180025564     LIBCMT:_file.obj
 0004:00000570       $pdata$__endstdio          0000000180025570     LIBCMT:_file.obj
 0004:0000057c       $pdata$_lock_file          000000018002557c     LIBCMT:_file.obj
 0004:00000588       $pdata$_lock_file2         0000000180025588     LIBCMT:_file.obj
 0004:00000594       $pdata$_fflush_nolock      0000000180025594     LIBCMT:fflush.obj
 0004:000005a0       $pdata$_flush              00000001800255a0     LIBCMT:fflush.obj
 0004:000005ac       $pdata$fflush              00000001800255ac     LIBCMT:fflush.obj
 0004:000005b8       $pdata$flsall              00000001800255b8     LIBCMT:fflush.obj
 0004:000005c4       $pdata$setvbuf             00000001800255c4     LIBCMT:setvbuf.obj
 0004:000005d0       $pdata$fwprintf            00000001800255d0     LIBCMT:fwprintf.obj
 0004:000005dc       $pdata$_vswprintf_c_l      00000001800255dc     LIBCMT:vswprnc.obj
 0004:000005e8       $pdata$_vswprintf_helper   00000001800255e8     LIBCMT:vswprnc.obj
 0004:000005f4       $pdata$raise               00000001800255f4     LIBCMT:winsig.obj
 0004:00000600       $pdata$__crtMessageBoxW    0000000180025600     LIBCMT:crtmboxw.obj
 0004:0000060c       $pdata$__GSHandlerCheck    000000018002560c     LIBCMT:gshandler.obj
 0004:00000618       $pdata$__GSHandlerCheckCommon 0000000180025618     LIBCMT:gshandler.obj
 0004:00000624       $pdata$_msize              0000000180025624     LIBCMT:msize.obj
 0004:00000630       $pdata$_calloc_crt         0000000180025630     LIBCMT:crtheap.obj
 0004:0000063c       $pdata$_malloc_crt         000000018002563c     LIBCMT:crtheap.obj
 0004:00000648       $pdata$_realloc_crt        0000000180025648     LIBCMT:crtheap.obj
 0004:00000654       $pdata$__C_specific_handler 0000000180025654     LIBCMT:chandler.obj
 0004:00000660       $pdata$_clrfp              0000000180025660     LIBCMT:fpctrl.obj
 0004:0000066c       $pdata$_ctrlfp             000000018002566c     LIBCMT:fpctrl.obj
 0004:00000678       $pdata$_set_statfp         0000000180025678     LIBCMT:fpctrl.obj
 0004:00000684       $pdata$_statfp             0000000180025684     LIBCMT:fpctrl.obj
 0004:00000690       $pdata$_call_matherr       0000000180025690     LIBCMT:libm_error.obj
 0004:0000069c       $pdata$_exception_enabled  000000018002569c     LIBCMT:libm_error.obj
 0004:000006a8       $pdata$_handle_error       00000001800256a8     LIBCMT:libm_error.obj
 0004:000006b4       $pdata$__freetlocinfo      00000001800256b4     LIBCMT:localref.obj
 0004:000006c0       $pdata$__updatetlocinfo    00000001800256c0     LIBCMT:localref.obj
 0004:000006cc       $pdata$_updatetlocinfoEx_nolock 00000001800256cc     LIBCMT:localref.obj
 0004:000006d8       $pdata$__initmbctable      00000001800256d8     LIBCMT:mbctype.obj
 0004:000006e4       $pdata$?getSystemCP@@YAHH@Z 00000001800256e4     LIBCMT:mbctype.obj
 0004:000006f0       $pdata$?setSBCS@@YAXPEAUthreadmbcinfostruct@@@Z 00000001800256f0     LIBCMT:mbctype.obj
 0004:000006fc       $pdata$?setSBUpLow@@YAXPEAUthreadmbcinfostruct@@@Z 00000001800256fc     LIBCMT:mbctype.obj
 0004:00000708       $pdata$__updatetmbcinfo    0000000180025708     LIBCMT:mbctype.obj
 0004:00000714       $pdata$_setmbcp            0000000180025714     LIBCMT:mbctype.obj
 0004:00000720       $pdata$_setmbcp_nolock     0000000180025720     LIBCMT:mbctype.obj
 0004:0000072c       $pdata$_isctype_l          000000018002572c     LIBCMT:isctype.obj
 0004:00000738       $pdata$_freefls            0000000180025738     LIBCMT:tidtable.obj
 0004:00000744       $pdata$_freeptd            0000000180025744     LIBCMT:tidtable.obj
 0004:00000750       $pdata$_getptd             0000000180025750     LIBCMT:tidtable.obj
 0004:0000075c       $pdata$_getptd_noexit      000000018002575c     LIBCMT:tidtable.obj
 0004:00000768       $pdata$_initptd            0000000180025768     LIBCMT:tidtable.obj
 0004:00000774       $pdata$_mtinit             0000000180025774     LIBCMT:tidtable.obj
 0004:00000780       $pdata$_mtterm             0000000180025780     LIBCMT:tidtable.obj
 0004:0000078c       $pdata$_locterm            000000018002578c     LIBCMT:wsetloca.obj
 0004:00000798       $pdata$_flsbuf             0000000180025798     LIBCMT:_flsbuf.obj
 0004:000007a4       $pdata$_output_l           00000001800257a4     LIBCMT:output.obj
 0004:000007b0       $pdata$write_char          00000001800257b0     LIBCMT:output.obj
 0004:000007bc       $pdata$write_multi_char    00000001800257bc     LIBCMT:output.obj
 0004:000007c8       $pdata$write_string        00000001800257c8     LIBCMT:output.obj
 0004:000007e0       $pdata$__crtCaptureCurrentContext 00000001800257e0     LIBCMT:winapisupp.obj
 0004:000007ec       $pdata$__crtCapturePreviousContext 00000001800257ec     LIBCMT:winapisupp.obj
 0004:000007f8       $pdata$__crtInitializeCriticalSectionEx 00000001800257f8     LIBCMT:winapisupp.obj
 0004:00000804       $pdata$__crtIsPackagedApp  0000000180025804     LIBCMT:winapisupp.obj
 0004:00000810       $pdata$__crtLoadWinApiPointers 0000000180025810     LIBCMT:winapisupp.obj
 0004:0000081c       $pdata$__crtTerminateProcess 000000018002581c     LIBCMT:winapisupp.obj
 0004:00000828       $pdata$__crtUnhandledException 0000000180025828     LIBCMT:winapisupp.obj
 0004:00000834       $pdata$_tolower_l          0000000180025834     LIBCMT:tolower.obj
 0004:00000840       $pdata$_XcptFilter         0000000180025840     LIBCMT:winxfltr.obj
 0004:0000084c       $pdata$_ioinit             000000018002584c     LIBCMT:ioinit.obj
 0004:00000858       $pdata$_ioterm             0000000180025858     LIBCMT:ioinit.obj
 0004:00000864       $pdata$_setargv            0000000180025864     LIBCMT:stdargv.obj
 0004:00000870       $pdata$parse_cmdline       0000000180025870     LIBCMT:stdargv.obj
 0004:0000087c       $pdata$_setenvp            000000018002587c     LIBCMT:stdenvp.obj
 0004:00000888       $pdata$__security_init_cookie 0000000180025888     LIBCMT:gs_support.obj
 0004:00000894       $pdata$__crtGetEnvironmentStringsA 0000000180025894     LIBCMT:a_env.obj
 0004:000008a0       $pdata$_RTC_Initialize     00000001800258a0     LIBCMT:initsect.obj
 0004:000008ac       $pdata$_RTC_Terminate      00000001800258ac     LIBCMT:initsect.obj
 0004:000008b8       $pdata$__DestructExceptionObject 00000001800258b8     LIBCMT:frame.obj
 0004:000008c4       $pdata$?terminate@@YAXXZ   00000001800258c4     LIBCMT:hooks.obj
 0004:000008d0       $pdata$_initp_eh_hooks     00000001800258d0     LIBCMT:hooks.obj
 0004:000008e8       $pdata$_cfltcvt            00000001800258e8     LIBCMT:cvt.obj
 0004:000008f4       $pdata$_cfltcvt_l          00000001800258f4     LIBCMT:cvt.obj
 0004:00000900       $pdata$_cftoa_l            0000000180025900     LIBCMT:cvt.obj
 0004:0000090c       $pdata$_cftoe2_l           000000018002590c     LIBCMT:cvt.obj
 0004:00000918       $pdata$_cftoe_l            0000000180025918     LIBCMT:cvt.obj
 0004:00000924       $pdata$_cftof2_l           0000000180025924     LIBCMT:cvt.obj
 0004:00000930       $pdata$_cftof_l            0000000180025930     LIBCMT:cvt.obj
 0004:0000093c       $pdata$_cftog_l            000000018002593c     LIBCMT:cvt.obj
 0004:00000948       $pdata$_cropzeros_l        0000000180025948     LIBCMT:cvt.obj
 0004:00000954       $pdata$_fassign_l          0000000180025954     LIBCMT:cvt.obj
 0004:00000960       $pdata$_forcdecpt_l        0000000180025960     LIBCMT:cvt.obj
 0004:0000096c       $pdata$_initp_misc_cfltcvt_tab 000000018002596c     LIBCMT:cmiscdat.obj
 0004:00000978       $pdata$strcpy_s            0000000180025978     LIBCMT:strcpy_s.obj
 0004:00000984       $pdata$_lock               0000000180025984     LIBCMT:mlock.obj
 0004:00000990       $pdata$_mtdeletelocks      0000000180025990     LIBCMT:mlock.obj
 0004:0000099c       $pdata$_mtinitlocknum      000000018002599c     LIBCMT:mlock.obj
 0004:000009a8       $pdata$_mtinitlocks        00000001800259a8     LIBCMT:mlock.obj
 0004:000009b4       $pdata$_IsNonwritableInCurrentImage 00000001800259b4     LIBCMT:pesect.obj
 0004:000009c0       $pdata$_ftbuf              00000001800259c0     LIBCMT:_sftbuf.obj
 0004:000009cc       $pdata$_stbuf              00000001800259cc     LIBCMT:_sftbuf.obj
 0004:000009d8       $pdata$wcsncpy_s           00000001800259d8     LIBCMT:wcsncpy_s.obj
 0004:000009e4       $pdata$_fcloseall          00000001800259e4     LIBCMT:closeall.obj
 0004:000009f0       $pdata$_fileno             00000001800259f0     LIBCMT:fileno.obj
 0004:000009fc       $pdata$_commit             00000001800259fc     LIBCMT:commit.obj
 0004:00000a08       $pdata$_write              0000000180025a08     LIBCMT:write.obj
 0004:00000a14       $pdata$_write_nolock       0000000180025a14     LIBCMT:write.obj
 0004:00000a20       $pdata$_freebuf            0000000180025a20     LIBCMT:_freebuf.obj
 0004:00000a2c       $pdata$_woutput_l          0000000180025a2c     LIBCMT:woutput.obj
 0004:00000a38       $pdata$write_char          0000000180025a38     LIBCMT:woutput.obj
 0004:00000a44       $pdata$write_multi_char    0000000180025a44     LIBCMT:woutput.obj
 0004:00000a50       $pdata$write_string        0000000180025a50     LIBCMT:woutput.obj
 0004:00000a5c       $pdata$realloc             0000000180025a5c     LIBCMT:realloc.obj
 0004:00000a68       $pdata$_calloc_impl        0000000180025a68     LIBCMT:calloc_impl.obj
 0004:00000aa4       $pdata$GetTableIndexFromLocaleName 0000000180025aa4     LIBCMT:winapinls.obj
 0004:00000ab0       $pdata$__crtDownlevelLocaleNameToLCID 0000000180025ab0     LIBCMT:winapinls.obj
 0004:00000abc       $pdata$__crtLCMapStringEx  0000000180025abc     LIBCMT:winapinls.obj
 0004:00000ad4       $pdata$_raise_exc          0000000180025ad4     LIBCMT:fpexcept.obj
 0004:00000ae0       $pdata$_raise_exc_ex       0000000180025ae0     LIBCMT:fpexcept.obj
 0004:00000aec       $pdata$_set_errno_from_matherr 0000000180025aec     LIBCMT:fpexcept.obj
 0004:00000af8       $pdata$__free_lconv_mon    0000000180025af8     LIBCMT:initmon.obj
 0004:00000b04       $pdata$__free_lconv_num    0000000180025b04     LIBCMT:initnum.obj
 0004:00000b10       $pdata$__free_lc_time      0000000180025b10     LIBCMT:inittime.obj
 0004:00000b1c       $pdata$?__crtLCMapStringA_stat@@YAHPEAUlocaleinfo_struct@@PEB_WKPEBDHPEADHHH@Z 0000000180025b1c     LIBCMT:a_map.obj
 0004:00000b28       $pdata$__crtLCMapStringA   0000000180025b28     LIBCMT:a_map.obj
 0004:00000b34       $pdata$?__crtGetStringTypeA_stat@@YAHPEAUlocaleinfo_struct@@KPEBDHPEAGHH@Z 0000000180025b34     LIBCMT:a_str.obj
 0004:00000b40       $pdata$__crtGetStringTypeA 0000000180025b40     LIBCMT:a_str.obj
 0004:00000b4c       $pdata$_isleadbyte_l       0000000180025b4c     LIBCMT:_wctype.obj
 0004:00000b58       $pdata$isleadbyte          0000000180025b58     LIBCMT:_wctype.obj
 0004:00000b70       $pdata$_isatty             0000000180025b70     LIBCMT:isatty.obj
 0004:00000b7c       $pdata$_lseeki64           0000000180025b7c     LIBCMT:lseeki64.obj
 0004:00000b88       $pdata$_lseeki64_nolock    0000000180025b88     LIBCMT:lseeki64.obj
 0004:00000b94       $pdata$_getbuf             0000000180025b94     LIBCMT:_getbuf.obj
 0004:00000ba0       $pdata$_wctomb_s_l         0000000180025ba0     LIBCMT:wctomb.obj
 0004:00000bac       $pdata$wctomb_s            0000000180025bac     LIBCMT:wctomb.obj
 0004:00000bb8       $pdata$?x_ismbbtype_l@@YAHPEAUlocaleinfo_struct@@IHH@Z 0000000180025bb8     LIBCMT:ismbbyte.obj
 0004:00000bd0       $pdata$strrchr             0000000180025bd0     LIBCMT:strrchr.obj
 0004:00000bdc       $pdata$_fptostr            0000000180025bdc     LIBCMT:_fptostr.obj
 0004:00000be8       $pdata$__crt_atoflt_l      0000000180025be8     LIBCMT:atodbl.obj
 0004:00000bf4       $pdata$_atodbl_l           0000000180025bf4     LIBCMT:atodbl.obj
 0004:00000c00       $pdata$__dtold             0000000180025c00     LIBCMT:cfout.obj
 0004:00000c0c       $pdata$_fltout2            0000000180025c0c     LIBCMT:cfout.obj
 0004:00000c18       $pdata$_fclose_nolock      0000000180025c18     LIBCMT:fclose.obj
 0004:00000c24       $pdata$fclose              0000000180025c24     LIBCMT:fclose.obj
 0004:00000c30       $pdata$__lock_fhandle      0000000180025c30     LIBCMT:osfinfo.obj
 0004:00000c3c       $pdata$_free_osfhnd        0000000180025c3c     LIBCMT:osfinfo.obj
 0004:00000c48       $pdata$_get_osfhandle      0000000180025c48     LIBCMT:osfinfo.obj
 0004:00000c54       $pdata$_mbtowc_l           0000000180025c54     LIBCMT:mbtowc.obj
 0004:00000c60       $pdata$_putwch_nolock      0000000180025c60     LIBCMT:putwch.obj
 0004:00000c78       $pdata$_fputwc_nolock      0000000180025c78     LIBCMT:fputwc.obj
 0004:00000c84       $pdata$_ld12tod            0000000180025c84     LIBCMT:intrncvt.obj
 0004:00000c90       $pdata$_ld12tof            0000000180025c90     LIBCMT:intrncvt.obj
 0004:00000c9c       $pdata$__strgtold12_l      0000000180025c9c     LIBCMT:strgtold.obj
 0004:00000ca8       $pdata$$I10_OUTPUT         0000000180025ca8     LIBCMT:x10fout.obj
 0004:00000cb4       $pdata$_close              0000000180025cb4     LIBCMT:close.obj
 0004:00000cc0       $pdata$_close_nolock       0000000180025cc0     LIBCMT:close.obj
 0004:00000ccc       $pdata$__termconout        0000000180025ccc     LIBCMT:initcon.obj
 0004:00000cd8       $pdata$__initconout        0000000180025cd8     LIBCMT:initcon.obj
 0004:00000ce4       $pdata$_flswbuf            0000000180025ce4     LIBCMT:_flswbuf.obj
 0004:00000cf0       $pdata$__mtold12           0000000180025cf0     LIBCMT:mantold.obj
 0004:00000cfc       $pdata$floor               0000000180025cfc     LIBCMT:floor.obj
 0004:00000d08       $pdata$_onexit$fin$0       0000000180025d08     LIBCMT:onexit.obj
 0004:00000d14       $pdata$_CRT_INIT$fin$0     0000000180025d14     LIBCMT:dllcrt0.obj
 0004:00000d20       $pdata$__DllMainCRTStartup$filt$0 0000000180025d20     LIBCMT:dllcrt0.obj
 0004:00000d2c       $pdata$doexit$fin$0        0000000180025d2c     LIBCMT:crt0dat.obj
 0004:00000d38       $pdata$flsall$fin$0        0000000180025d38     LIBCMT:fflush.obj
 0004:00000d44       $pdata$flsall$fin$1        0000000180025d44     LIBCMT:fflush.obj
 0004:00000d50       $pdata$setvbuf$fin$0       0000000180025d50     LIBCMT:setvbuf.obj
 0004:00000d5c       $pdata$fwprintf$fin$0      0000000180025d5c     LIBCMT:fwprintf.obj
 0004:00000d68       $pdata$raise$fin$0         0000000180025d68     LIBCMT:winsig.obj
 0004:00000d74       $pdata$_ctrlfp$filt$0      0000000180025d74     LIBCMT:fpctrl.obj
 0004:00000d80       $pdata$_locterm$fin$0      0000000180025d80     LIBCMT:localref.obj
 0004:00000d80       $pdata$__updatetlocinfo$fin$0 0000000180025d80     LIBCMT:localref.obj
 0004:00000d8c       $pdata$_setmbcp$fin$0      0000000180025d8c     LIBCMT:mbctype.obj
 0004:00000d8c       $pdata$__updatetmbcinfo$fin$0 0000000180025d8c     LIBCMT:mbctype.obj
 0004:00000d98       $pdata$_freefls$fin$1      0000000180025d98     LIBCMT:tidtable.obj
 0004:00000d98       $pdata$_initptd$fin$1      0000000180025d98     LIBCMT:tidtable.obj
 0004:00000da4       $pdata$_freefls$fin$0      0000000180025da4     LIBCMT:tidtable.obj
 0004:00000da4       $pdata$_initptd$fin$0      0000000180025da4     LIBCMT:tidtable.obj
 0004:00000db0       $pdata$_ioinit$fin$0       0000000180025db0     LIBCMT:ioinit.obj
 0004:00000dbc       $pdata$__DestructExceptionObject$filt$0 0000000180025dbc     LIBCMT:frame.obj
 0004:00000dc8       $pdata$_mtinitlocknum$fin$0 0000000180025dc8     LIBCMT:mlock.obj
 0004:00000dd4       $pdata$_IsNonwritableInCurrentImage$filt$0 0000000180025dd4     LIBCMT:pesect.obj
 0004:00000de0       $pdata$_fcloseall$fin$0    0000000180025de0     LIBCMT:closeall.obj
 0004:00000dec       $pdata$_lseeki64$fin$0     0000000180025dec     LIBCMT:lseeki64.obj
 0004:00000dec       $pdata$_write$fin$0        0000000180025dec     LIBCMT:lseeki64.obj
 0004:00000df8       $pdata$fclose$fin$0        0000000180025df8     LIBCMT:fclose.obj
 0004:00000df8       $pdata$fflush$fin$0        0000000180025df8     LIBCMT:fclose.obj
 0004:00000e04       $pdata$__lock_fhandle$fin$0 0000000180025e04     LIBCMT:osfinfo.obj
 0004:00000e10       $pdata$_commit$fin$0       0000000180025e10     LIBCMT:close.obj
 0004:00000e10       $pdata$_close$fin$0        0000000180025e10     LIBCMT:close.obj
 0005:00000060       $R000000                   0000000180026060     * linker generated manifest res *

 Exports

  ordinal    name

        1    _register_robotjs_
